Archive member included because of file (symbol)

/home/aykhan/msp430/bin/../lib/gcc/msp430/4.7.2/mcpu-430x/mmpy-16/msr20/mc20/libgcc.a(_mulsi3.o)
                              build/z1/obj/cfs-coffee.o (__mulsi3)
/home/aykhan/msp430/bin/../lib/gcc/msp430/4.7.2/mcpu-430x/mmpy-16/msr20/mc20/libgcc.a(_mulsidi3.o)
                              build/z1/obj/tsch-adaptive-timesync.o (__mulsidi3)
/home/aykhan/msp430/bin/../lib/gcc/msp430/4.7.2/mcpu-430x/mmpy-16/msr20/mc20/libgcc.a(_muldi3.o)
                              build/z1/obj/tsch-adaptive-timesync.o (__muldi3)
/home/aykhan/msp430/bin/../lib/gcc/msp430/4.7.2/mcpu-430x/mmpy-16/msr20/mc20/libgcc.a(_udivmod16.o)
                              build/z1/obj/cfs-coffee.o (__udivhi3)
/home/aykhan/msp430/bin/../lib/gcc/msp430/4.7.2/mcpu-430x/mmpy-16/msr20/mc20/libgcc.a(_divmod16.o)
                              build/z1/obj/link-stats.o (__divhi3)
/home/aykhan/msp430/bin/../lib/gcc/msp430/4.7.2/mcpu-430x/mmpy-16/msr20/mc20/libgcc.a(_udivmod32.o)
                              build/z1/obj/ifft.o (__udivsi3)
/home/aykhan/msp430/bin/../lib/gcc/msp430/4.7.2/mcpu-430x/mmpy-16/msr20/mc20/libgcc.a(_divmod32.o)
                              build/z1/obj/cfs-coffee.o (__divsi3)
/home/aykhan/msp430/bin/../lib/gcc/msp430/4.7.2/mcpu-430x/mmpy-16/msr20/mc20/libgcc.a(_divmod64.o)
                              build/z1/obj/tsch-adaptive-timesync.o (__divdi3)
/home/aykhan/msp430/bin/../lib/gcc/msp430/4.7.2/mcpu-430x/mmpy-16/msr20/mc20/libgcc.a(_udivmod64.o)
                              /home/aykhan/msp430/bin/../lib/gcc/msp430/4.7.2/mcpu-430x/mmpy-16/msr20/mc20/libgcc.a(_divmod64.o) (__xabi_udivmod64)
/home/aykhan/msp430/bin/../lib/gcc/msp430/4.7.2/../../../../msp430/lib/mcpu-430x/mmpy-16/msr20/mc20/libc.a(printf.o)
                              build/z1/obj/assert.o (printf)
/home/aykhan/msp430/bin/../lib/gcc/msp430/4.7.2/../../../../msp430/lib/mcpu-430x/mmpy-16/msr20/mc20/libc.a(sprintf.o)
                              build/z1/obj/log.o (snprintf)
/home/aykhan/msp430/bin/../lib/gcc/msp430/4.7.2/../../../../msp430/lib/mcpu-430x/mmpy-16/msr20/mc20/libc.a(vuprintf.o)
                              /home/aykhan/msp430/bin/../lib/gcc/msp430/4.7.2/../../../../msp430/lib/mcpu-430x/mmpy-16/msr20/mc20/libc.a(printf.o) (vuprintf)
/home/aykhan/msp430/bin/../lib/gcc/msp430/4.7.2/../../../../msp430/lib/mcpu-430x/mmpy-16/msr20/mc20/libc.a(puts.o)
                              build/z1/obj/assert.o (puts)
/home/aykhan/msp430/bin/../lib/gcc/msp430/4.7.2/../../../../msp430/lib/mcpu-430x/mmpy-16/msr20/mc20/libc.a(rand.o)
                              build/z1/obj/random.o (rand)
/home/aykhan/msp430/bin/../lib/gcc/msp430/4.7.2/../../../../msp430/lib/mcpu-430x/mmpy-16/msr20/mc20/libc.a(strcmp.o)
                              build/z1/obj/cfs-coffee.o (strcmp)
/home/aykhan/msp430/bin/../lib/gcc/msp430/4.7.2/../../../../msp430/lib/mcpu-430x/mmpy-16/msr20/mc20/libc.a(strncmp.o)
                              build/z1/obj/sensors.o (strncmp)
/home/aykhan/msp430/bin/../lib/gcc/msp430/4.7.2/../../../../msp430/lib/mcpu-430x/mmpy-16/msr20/mc20/libc.a(memcmp.o)
                              build/z1/obj/ip64-addr.o (memcmp)
/home/aykhan/msp430/bin/../lib/gcc/msp430/4.7.2/../../../../msp430/lib/mcpu-430x/mmpy-16/msr20/mc20/libc.a(strncpy.o)
                              build/z1/obj/cfs-coffee.o (strncpy)
/home/aykhan/msp430/bin/../lib/gcc/msp430/4.7.2/../../../../msp430/lib/mcpu-430x/mmpy-16/msr20/mc20/libc.a(memcpy.o)
                              build/z1/obj/aes-128.o (memcpy)
/home/aykhan/msp430/bin/../lib/gcc/msp430/4.7.2/../../../../msp430/lib/mcpu-430x/mmpy-16/msr20/mc20/libc.a(memmove.o)
                              build/z1/obj/cbor.o (memmove)
/home/aykhan/msp430/bin/../lib/gcc/msp430/4.7.2/../../../../msp430/lib/mcpu-430x/mmpy-16/msr20/mc20/libc.a(memset.o)
                              build/z1/obj/cfs-coffee.o (memset)
/home/aykhan/msp430/bin/../lib/gcc/msp430/4.7.2/../../../../msp430/lib/mcpu-430x/mmpy-16/msr20/mc20/libc.a(strcat.o)
                              build/z1/obj/tsch-schedule.o (strcat)
/home/aykhan/msp430/bin/../lib/gcc/msp430/4.7.2/mcpu-430x/mmpy-16/msr20/mc20/libcrt0.a(_reset_vector__.o)
                              /home/aykhan/msp430/bin/../lib/gcc/msp430/4.7.2/mcpu-430x/mmpy-16/msr20/mc20/crt0ivtbl32.o (_reset_vector__)
/home/aykhan/msp430/bin/../lib/gcc/msp430/4.7.2/mcpu-430x/mmpy-16/msr20/mc20/libcrt0.a(__watchdog_support.o)
                              /home/aykhan/msp430/bin/../lib/gcc/msp430/4.7.2/mcpu-430x/mmpy-16/msr20/mc20/libcrt0.a(_reset_vector__.o) (__watchdog_support)
/home/aykhan/msp430/bin/../lib/gcc/msp430/4.7.2/mcpu-430x/mmpy-16/msr20/mc20/libcrt0.a(__init_stack.o)
                              /home/aykhan/msp430/bin/../lib/gcc/msp430/4.7.2/mcpu-430x/mmpy-16/msr20/mc20/libcrt0.a(_reset_vector__.o) (__init_stack)
/home/aykhan/msp430/bin/../lib/gcc/msp430/4.7.2/mcpu-430x/mmpy-16/msr20/mc20/libcrt0.a(__low_level_init.o)
[...]
Memory Configuration

Name             Origin             Length             Attributes
sfr              0x00000000         0x00000010
peripheral_8bit  0x00000010         0x000000f0
peripheral_16bit 0x00000100         0x00000100
ram_mirror       0x00000200         0x00000800         xw
infomem          0x00001000         0x00000100
infod            0x00001000         0x00000040
infoc            0x00001040         0x00000040
infob            0x00001080         0x00000040
infoa            0x000010c0         0x00000040
ram              0x00001100         0x00002000         xw
rom              0x00003100         0x0000cebe         xr
vectors          0x0000ffc0         0x00000040
far_rom          0x00010000         0x0000a000
bsl              0x00000000         0x00000000
ram2             0x00000000         0x00000000         xw
usbram           0x00000000         0x00000000         xw
*default*        0x00000000         0xffffffff

Linker script and memory map

LOAD /home/aykhan/msp430/bin/../lib/gcc/msp430/4.7.2/mcpu-430x/mmpy-16/msr20/mc20/crt0ivtbl32.o
                0x00000041                __P1SEL2 = 0x41
                0x00000045                __P5SEL2 = 0x45
                0x000030e2                _stack = _end
LOAD build/z1/obj/adxl345.o
LOAD build/z1/obj/aes-128.o
LOAD build/z1/obj/anti-replay.o
LOAD build/z1/obj/assert.o
LOAD build/z1/obj/atomic.o
LOAD build/z1/obj/autostart.o
LOAD build/z1/obj/battery-sensor.o
LOAD build/z1/obj/button-hal.o
LOAD build/z1/obj/button-sensor.o
LOAD build/z1/obj/cbor.o
LOAD build/z1/obj/cc2420-arch-sfd.o
LOAD build/z1/obj/cc2420-arch.o
LOAD build/z1/obj/cc2420-tsch-15ms.o
LOAD build/z1/obj/cc2420.o
LOAD build/z1/obj/ccm-star-packetbuf.o
LOAD build/z1/obj/ccm-star.o
LOAD build/z1/obj/cfs-coffee.o
LOAD build/z1/obj/circular-list.o
LOAD build/z1/obj/clock.o
LOAD build/z1/obj/compower.o
LOAD build/z1/obj/contiki-main.o
LOAD build/z1/obj/crc16.o
LOAD build/z1/obj/csprng.o
LOAD build/z1/obj/ctimer.o
LOAD build/z1/obj/dbl-circ-list.o
LOAD build/z1/obj/dbl-list.o
LOAD build/z1/obj/energest.o
LOAD build/z1/obj/etimer.o
LOAD build/z1/obj/flash.o
LOAD build/z1/obj/frame802154.o
LOAD build/z1/obj/frame802154e-ie.o
LOAD build/z1/obj/framer-802154.o
LOAD build/z1/obj/gpio-hal.o
LOAD build/z1/obj/heapmem.o
LOAD build/z1/obj/hexconv.o
LOAD build/z1/obj/i2cmaster.o
LOAD build/z1/obj/ifft.o
LOAD build/z1/obj/int-master.o
LOAD build/z1/obj/ip64-addr.o
LOAD build/z1/obj/iq-seeder.o
LOAD build/z1/obj/leds-arch.o
LOAD build/z1/obj/leds.o
LOAD build/z1/obj/light-sensor.o
LOAD build/z1/obj/link-stats.o
LOAD build/z1/obj/linkaddr.o
LOAD build/z1/obj/list.o
LOAD build/z1/obj/log.o
LOAD build/z1/obj/lpm.o
LOAD build/z1/obj/mac-sequence.o
LOAD build/z1/obj/memb.o
LOAD build/z1/obj/msp430.o
LOAD build/z1/obj/mutex.o
LOAD build/z1/obj/nbr-table.o
LOAD build/z1/obj/net-debug.o
LOAD build/z1/obj/netstack.o
LOAD build/z1/obj/node-id-z1.o
LOAD build/z1/obj/node-id.o
LOAD build/z1/obj/nullframer.o
LOAD build/z1/obj/nullradio.o
LOAD build/z1/obj/packetbuf.o
LOAD build/z1/obj/platform.o
LOAD build/z1/obj/process-mutex.o
LOAD build/z1/obj/process.o
LOAD build/z1/obj/psock.o
LOAD build/z1/obj/queuebuf.o
LOAD build/z1/obj/random.o
LOAD build/z1/obj/ringbuf.o
LOAD build/z1/obj/ringbufindex.o
LOAD build/z1/obj/rpl-dag-root.o
LOAD build/z1/obj/rpl-dag.o
LOAD build/z1/obj/rpl-ext-header.o
LOAD build/z1/obj/rpl-icmp6.o
LOAD build/z1/obj/rpl-mrhof.o
LOAD build/z1/obj/rpl-nbr-policy.o
LOAD build/z1/obj/rpl-neighbor.o
LOAD build/z1/obj/rpl-of0.o
LOAD build/z1/obj/rpl-timers.o
LOAD build/z1/obj/rpl.o
LOAD build/z1/obj/rtimer-arch.o
LOAD build/z1/obj/rtimer.o
LOAD build/z1/obj/selam-tsch.o
LOAD build/z1/obj/sensors.o
LOAD build/z1/obj/serial-line.o
LOAD build/z1/obj/sha-256.o
LOAD build/z1/obj/sicslowpan.o
LOAD build/z1/obj/simple-udp.o
LOAD build/z1/obj/sky-sensors.o
LOAD build/z1/obj/slip.o
LOAD build/z1/obj/slip_uart0.o
LOAD build/z1/obj/spi-legacy.o
LOAD build/z1/obj/spi.o
LOAD build/z1/obj/stack-check.o
LOAD build/z1/obj/stimer.o
LOAD build/z1/obj/tcp-socket.o
LOAD build/z1/obj/tcpip.o
LOAD build/z1/obj/temperature-sensor.o
LOAD build/z1/obj/timer.o
LOAD build/z1/obj/tmp102.o
LOAD build/z1/obj/trickle-timer.o
LOAD build/z1/obj/tsch-adaptive-timesync.o
LOAD build/z1/obj/tsch-log.o
LOAD build/z1/obj/tsch-packet.o
LOAD build/z1/obj/tsch-queue.o
LOAD build/z1/obj/tsch-roots.o
LOAD build/z1/obj/tsch-rpl.o
LOAD build/z1/obj/tsch-schedule.o
LOAD build/z1/obj/tsch-security.o
LOAD build/z1/obj/tsch-slot-operation.o
LOAD build/z1/obj/tsch-stats.o
LOAD build/z1/obj/tsch-timeslot-timing.o
LOAD build/z1/obj/tsch.o
LOAD build/z1/obj/uart-putchar.o
LOAD build/z1/obj/uart0.o
LOAD build/z1/obj/udp-socket.o
LOAD build/z1/obj/uip-ds6-nbr.o
LOAD build/z1/obj/uip-ds6-route.o
LOAD build/z1/obj/uip-ds6.o
LOAD build/z1/obj/uip-icmp6.o
LOAD build/z1/obj/uip-ipchksum.o
LOAD build/z1/obj/uip-nameserver.o
LOAD build/z1/obj/uip-nd6.o
LOAD build/z1/obj/uip-packetqueue.o
LOAD build/z1/obj/uip-sr.o
LOAD build/z1/obj/uip-udp-packet.o
LOAD build/z1/obj/uip6.o
LOAD build/z1/obj/uipbuf.o
LOAD build/z1/obj/uiplib.o
LOAD build/z1/obj/watchdog.o
LOAD build/z1/obj/xmem.o
LOAD build/z1/obj/z1-phidgets.o
LOAD build/z1/obj/z1-sensors.o
LOAD /home/aykhan/msp430/bin/../lib/gcc/msp430/4.7.2/mcpu-430x/mmpy-16/msr20/mc20/libgcc.a
LOAD /home/aykhan/msp430/bin/../lib/gcc/msp430/4.7.2/../../../../msp430/lib/mcpu-430x/mmpy-16/msr20/mc20/libc.a
LOAD /home/aykhan/msp430/bin/../lib/gcc/msp430/4.7.2/mcpu-430x/mmpy-16/msr20/mc20/libgcc.a
LOAD /home/aykhan/msp430/bin/../lib/gcc/msp430/4.7.2/mcpu-430x/mmpy-16/msr20/mc20/libcrt0.a
                0x00000040                PROVIDE (__info_segment_size, 0x40)
                0x00001000                PROVIDE (__infod, 0x1000)
                0x00001040                PROVIDE (__infoc, 0x1040)
                0x00001080                PROVIDE (__infob, 0x1080)
                0x000010c0                PROVIDE (__infoa, 0x10c0)
                0x00000000                __IE1 = 0x0
                0x00000002                __IFG1 = 0x2
                0x00000001                __IE2 = 0x1
                0x00000003                __IFG2 = 0x3
                0x00000006                __UC1IE = 0x6
                0x00000007                __UC1IFG = 0x7
                0x000001a0                __ADC12CTL0 = 0x1a0
                0x000001a2                __ADC12CTL1 = 0x1a2
                0x000001a4                __ADC12IFG = 0x1a4
                0x000001a6                __ADC12IE = 0x1a6
                0x000001a8                __ADC12IV = 0x1a8
                0x00000140                __ADC12MEM0 = 0x140
                0x00000142                __ADC12MEM1 = 0x142
                0x00000144                __ADC12MEM2 = 0x144
                0x00000146                __ADC12MEM3 = 0x146
                0x00000148                __ADC12MEM4 = 0x148
                0x0000014a                __ADC12MEM5 = 0x14a
                0x0000014c                __ADC12MEM6 = 0x14c
                0x0000014e                __ADC12MEM7 = 0x14e
                0x00000150                __ADC12MEM8 = 0x150
                0x00000152                __ADC12MEM9 = 0x152
                0x00000154                __ADC12MEM10 = 0x154
                0x00000156                __ADC12MEM11 = 0x156
                0x00000158                __ADC12MEM12 = 0x158
                0x0000015a                __ADC12MEM13 = 0x15a
                0x0000015c                __ADC12MEM14 = 0x15c
                0x0000015e                __ADC12MEM15 = 0x15e
                0x00000080                __ADC12MCTL0 = 0x80
                0x00000081                __ADC12MCTL1 = 0x81
                0x00000082                __ADC12MCTL2 = 0x82
                0x00000083                __ADC12MCTL3 = 0x83
                0x00000084                __ADC12MCTL4 = 0x84
                0x00000085                __ADC12MCTL5 = 0x85
                0x00000086                __ADC12MCTL6 = 0x86
                0x00000087                __ADC12MCTL7 = 0x87
                0x00000088                __ADC12MCTL8 = 0x88
                0x00000089                __ADC12MCTL9 = 0x89
                0x0000008a                __ADC12MCTL10 = 0x8a
                0x0000008b                __ADC12MCTL11 = 0x8b
                0x0000008c                __ADC12MCTL12 = 0x8c
                0x0000008d                __ADC12MCTL13 = 0x8d
                0x0000008e                __ADC12MCTL14 = 0x8e
                0x0000008f                __ADC12MCTL15 = 0x8f
                0x00000056                __DCOCTL = 0x56
                0x00000057                __BCSCTL1 = 0x57
                0x00000058                __BCSCTL2 = 0x58
                0x00000053                __BCSCTL3 = 0x53
                0x00000059                __CACTL1 = 0x59
                0x0000005a                __CACTL2 = 0x5a
                0x0000005b                __CAPD = 0x5b
                0x000001c0                __DAC12_0CTL = 0x1c0
                0x000001c2                __DAC12_1CTL = 0x1c2
                0x000001c8                __DAC12_0DAT = 0x1c8
                0x000001ca                __DAC12_1DAT = 0x1ca
                0x00000122                __DMACTL0 = 0x122
                0x00000124                __DMACTL1 = 0x124
                0x00000126                __DMAIV = 0x126
                0x000001d0                __DMA0CTL = 0x1d0
                0x000001dc                __DMA1CTL = 0x1dc
                0x000001e8                __DMA2CTL = 0x1e8
                0x000001d2                __DMA0SA = 0x1d2
                0x000001d2                __DMA0SAL = 0x1d2
                0x000001d6                __DMA0DA = 0x1d6
                0x000001d6                __DMA0DAL = 0x1d6
                0x000001da                __DMA0SZ = 0x1da
                0x000001de                __DMA1SA = 0x1de
                0x000001de                __DMA1SAL = 0x1de
                0x000001e2                __DMA1DA = 0x1e2
                0x000001e2                __DMA1DAL = 0x1e2
                0x000001e6                __DMA1SZ = 0x1e6
                0x000001ea                __DMA2SA = 0x1ea
                0x000001ea                __DMA2SAL = 0x1ea
                0x000001ee                __DMA2DA = 0x1ee
                0x000001ee                __DMA2DAL = 0x1ee
                0x000001f2                __DMA2SZ = 0x1f2
                0x00000128                __FCTL1 = 0x128
                0x0000012a                __FCTL2 = 0x12a
                0x0000012c                __FCTL3 = 0x12c
                0x000001be                __FCTL4 = 0x1be
                0x00000130                __MPY = 0x130
                0x00000132                __MPYS = 0x132
                0x00000134                __MAC = 0x134
                0x00000136                __MACS = 0x136
                0x00000138                __OP2 = 0x138
                0x0000013a                __RESLO = 0x13a
                0x0000013c                __RESHI = 0x13c
                0x0000013e                __SUMEXT = 0x13e
                0x00000020                __P1IN = 0x20
                0x00000021                __P1OUT = 0x21
                0x00000022                __P1DIR = 0x22
                0x00000023                __P1IFG = 0x23
                0x00000024                __P1IES = 0x24
                0x00000025                __P1IE = 0x25
                0x00000026                __P1SEL = 0x26
                0x00000027                __P1REN = 0x27
                0x00000028                __P2IN = 0x28
                0x00000029                __P2OUT = 0x29
                0x0000002a                __P2DIR = 0x2a
                0x0000002b                __P2IFG = 0x2b
                0x0000002c                __P2IES = 0x2c
                0x0000002d                __P2IE = 0x2d
                0x0000002e                __P2SEL = 0x2e
                0x0000002f                __P2REN = 0x2f
                0x00000018                __P3IN = 0x18
                0x00000019                __P3OUT = 0x19
                0x0000001a                __P3DIR = 0x1a
                0x0000001b                __P3SEL = 0x1b
                0x00000010                __P3REN = 0x10
                0x0000001c                __P4IN = 0x1c
                0x0000001d                __P4OUT = 0x1d
                0x0000001e                __P4DIR = 0x1e
                0x0000001f                __P4SEL = 0x1f
                0x00000011                __P4REN = 0x11
                0x00000030                __P5IN = 0x30
                0x00000031                __P5OUT = 0x31
                0x00000032                __P5DIR = 0x32
                0x00000033                __P5SEL = 0x33
                0x00000012                __P5REN = 0x12
                0x00000034                __P6IN = 0x34
                0x00000035                __P6OUT = 0x35
                0x00000036                __P6DIR = 0x36
                0x00000037                __P6SEL = 0x37
                0x00000013                __P6REN = 0x13
                0x00000038                __P7IN = 0x38
                0x0000003a                __P7OUT = 0x3a
                0x0000003c                __P7DIR = 0x3c
                0x0000003e                __P7SEL = 0x3e
                0x00000014                __P7REN = 0x14
                0x00000039                __P8IN = 0x39
                0x0000003b                __P8OUT = 0x3b
                0x0000003d                __P8DIR = 0x3d
                0x0000003f                __P8SEL = 0x3f
                0x00000015                __P8REN = 0x15
                0x00000038                __PAIN = 0x38
                0x0000003a                __PAOUT = 0x3a
                0x0000003c                __PADIR = 0x3c
                0x0000003e                __PASEL = 0x3e
                0x00000014                __PAREN = 0x14
                0x00000055                __SVSCTL = 0x55
                0x0000012e                __TAIV = 0x12e
                0x00000160                __TACTL = 0x160
                0x00000162                __TACCTL0 = 0x162
                0x00000164                __TACCTL1 = 0x164
                0x00000166                __TACCTL2 = 0x166
                0x00000170                __TAR = 0x170
                0x00000172                __TACCR0 = 0x172
                0x00000174                __TACCR1 = 0x174
                0x00000176                __TACCR2 = 0x176
                0x0000011e                __TBIV = 0x11e
                0x00000180                __TBCTL = 0x180
                0x00000182                __TBCCTL0 = 0x182
                0x00000184                __TBCCTL1 = 0x184
                0x00000186                __TBCCTL2 = 0x186
                0x00000188                __TBCCTL3 = 0x188
                0x0000018a                __TBCCTL4 = 0x18a
                0x0000018c                __TBCCTL5 = 0x18c
                0x0000018e                __TBCCTL6 = 0x18e
                0x00000190                __TBR = 0x190
                0x00000192                __TBCCR0 = 0x192
                0x00000194                __TBCCR1 = 0x194
                0x00000196                __TBCCR2 = 0x196
                0x00000198                __TBCCR3 = 0x198
                0x0000019a                __TBCCR4 = 0x19a
                0x0000019c                __TBCCR5 = 0x19c
                0x0000019e                __TBCCR6 = 0x19e
                0x00000060                __UCA0CTL0 = 0x60
                0x00000061                __UCA0CTL1 = 0x61
                0x00000062                __UCA0BR0 = 0x62
                0x00000063                __UCA0BR1 = 0x63
                0x00000064                __UCA0MCTL = 0x64
                0x00000065                __UCA0STAT = 0x65
                0x00000066                __UCA0RXBUF = 0x66
                0x00000067                __UCA0TXBUF = 0x67
                0x0000005d                __UCA0ABCTL = 0x5d
                0x0000005e                __UCA0IRTCTL = 0x5e
                0x0000005f                __UCA0IRRCTL = 0x5f
                0x00000068                __UCB0CTL0 = 0x68
                0x00000069                __UCB0CTL1 = 0x69
                0x0000006a                __UCB0BR0 = 0x6a
                0x0000006b                __UCB0BR1 = 0x6b
                0x0000006c                __UCB0I2CIE = 0x6c
                0x0000006d                __UCB0STAT = 0x6d
                0x0000006e                __UCB0RXBUF = 0x6e
                0x0000006f                __UCB0TXBUF = 0x6f
                0x00000118                __UCB0I2COA = 0x118
                0x0000011a                __UCB0I2CSA = 0x11a
                0x000000d0                __UCA1CTL0 = 0xd0
                0x000000d1                __UCA1CTL1 = 0xd1
                0x000000d2                __UCA1BR0 = 0xd2
                0x000000d3                __UCA1BR1 = 0xd3
                0x000000d4                __UCA1MCTL = 0xd4
                0x000000d5                __UCA1STAT = 0xd5
                0x000000d6                __UCA1RXBUF = 0xd6
                0x000000d7                __UCA1TXBUF = 0xd7
                0x000000cd                __UCA1ABCTL = 0xcd
                0x000000ce                __UCA1IRTCTL = 0xce
                0x000000cf                __UCA1IRRCTL = 0xcf
                0x000000d8                __UCB1CTL0 = 0xd8
                0x000000d9                __UCB1CTL1 = 0xd9
                0x000000da                __UCB1BR0 = 0xda
                0x000000db                __UCB1BR1 = 0xdb
                0x000000dc                __UCB1I2CIE = 0xdc
                0x000000dd                __UCB1STAT = 0xdd
                0x000000de                __UCB1RXBUF = 0xde
                0x000000df                __UCB1TXBUF = 0xdf
                0x0000017c                __UCB1I2COA = 0x17c
                0x0000017e                __UCB1I2CSA = 0x17e
                0x00000120                __WDTCTL = 0x120
                0x000010c0                __TLV_CHECKSUM = 0x10c0
                0x000010f6                __TLV_DCO_30_TAG = 0x10f6
                0x000010f7                __TLV_DCO_30_LEN = 0x10f7
                0x000010da                __TLV_ADC12_1_TAG = 0x10da
                0x000010db                __TLV_ADC12_1_LEN = 0x10db
                0x000010f8                __CALDCO_16MHZ = 0x10f8
                0x000010f9                __CALBC1_16MHZ = 0x10f9
                0x000010fa                __CALDCO_12MHZ = 0x10fa
                0x000010fb                __CALBC1_12MHZ = 0x10fb
                0x000010fc                __CALDCO_8MHZ = 0x10fc
                0x000010fd                __CALBC1_8MHZ = 0x10fd
                0x000010fe                __CALDCO_1MHZ = 0x10fe
                0x000010ff                __CALBC1_1MHZ = 0x10ff

.hash
 *(SORT(.hash))

.dynsym
 *(SORT(.dynsym))

.dynstr
 *(SORT(.dynstr))

.gnu.version
 *(SORT(.gnu.version))

.gnu.version_d
 *(SORT(.gnu.version_d))

.gnu.version_r
 *(SORT(.gnu.version_r))

.rel.init
 *(SORT(.rel.init))

.rela.init
 *(SORT(.rela.init))

.rel.fini
 *(SORT(.rel.fini))

.rela.fini
 *(SORT(.rela.fini))

.rel.text
 *(SORT(.rel.text) SORT(.rel.text.*) SORT(.rel.gnu.linkonce.t.*))

.rela.text
 *(SORT(.rela.text) SORT(.rela.text.*) SORT(.rela.gnu.linkonce.t.*))

.rel.rodata
 *(SORT(.rel.rodata) SORT(.rel.rodata.*) SORT(.rel.gnu.linkonce.r.*))

.rela.rodata
 *(SORT(.rela.rodata) SORT(.rela.rodata.*) SORT(.rela.gnu.linkonce.r.*))

.rel.data
 *(SORT(.rel.data) SORT(.rel.data.*) SORT(.rel.gnu.linkonce.d.*))

.rela.data
 *(SORT(.rela.data) SORT(.rela.data.*) SORT(.rela.gnu.linkonce.d.*))

.rel.bss
 *(SORT(.rel.bss) SORT(.rel.bss.*) SORT(.rel.gnu.linkonce.b.*))

.rela.bss
 *(SORT(.rela.bss) SORT(.rela.bss.*) SORT(.rela.gnu.linkonce.b.*))

.rel.ctors
 *(SORT(.rel.ctors))

.rela.ctors
 *(SORT(.rela.ctors))

.rel.dtors
 *(SORT(.rel.dtors))

.rela.dtors
 *(SORT(.rela.dtors))

.rel.got
 *(SORT(.rel.got))

.rela.got
 *(SORT(.rela.got))

.rel.plt
 *(SORT(.rel.plt))

.rela.plt
 *(SORT(.rela.plt))

.text           0x00003100     0xc6c0
                0x00003100                . = ALIGN (0x2)
 *(SORT(.init) SORT(.init.*))
 *(SORT(.init0))
 .init0         0x00003100        0x0 /home/aykhan/msp430/bin/../lib/gcc/msp430/4.7.2/mcpu-430x/mmpy-16/msr20/mc20/libcrt0.a(_reset_vector__.o)
                0x00003100                _reset_vector__
 *(SORT(.init1))
 .init1         0x00003100        0xc /home/aykhan/msp430/bin/../lib/gcc/msp430/4.7.2/mcpu-430x/mmpy-16/msr20/mc20/libcrt0.a(__watchdog_support.o)
                0x00003100                __watchdog_support
 *(SORT(.init2))
 .init2         0x0000310c        0x4 /home/aykhan/msp430/bin/../lib/gcc/msp430/4.7.2/mcpu-430x/mmpy-16/msr20/mc20/libcrt0.a(__init_stack.o)
                0x0000310c                __init_stack
 *(SORT(.init3))
 .init3         0x00003110        0x0 /home/aykhan/msp430/bin/../lib/gcc/msp430/4.7.2/mcpu-430x/mmpy-16/msr20/mc20/libcrt0.a(__low_level_init.o)
                0x00003110                __low_level_init
 *(SORT(.init4))
 .init4         0x00003110       0x18 /home/aykhan/msp430/bin/../lib/gcc/msp430/4.7.2/mcpu-430x/mmpy-16/msr20/mc20/libcrt0.a(_copy_data.o)
                0x00003110                __do_copy_data
 .init4         0x00003128       0x16 /home/aykhan/msp430/bin/../lib/gcc/msp430/4.7.2/mcpu-430x/mmpy-16/msr20/mc20/libcrt0.a(_clear_bss.o)
                0x00003128                __do_clear_bss
 *(SORT(.init5))
 *(SORT(.init6))
 *(SORT(.init7))
 *(SORT(.init8))
 *(SORT(.init9))
 .init9         0x0000313e      0x236 build/z1/obj/contiki-main.o
                0x0000313e                main
 *(SORT(.fini9))
 .fini9         0x00003374        0x0 /home/aykhan/msp430/bin/../lib/gcc/msp430/4.7.2/mcpu-430x/mmpy-16/msr20/mc20/libcrt0.a(__stop_progExec__.o)
                0x00003374                __stop_progExec__
 *(SORT(.fini8))
 *(SORT(.fini7))
 *(SORT(.fini6))
 *(SORT(.fini5))
 *(SORT(.fini4))
 *(SORT(.fini3))
 *(SORT(.fini2))
 *(SORT(.fini1))
 *(SORT(.fini0))
 .fini0         0x00003374        0x6 /home/aykhan/msp430/bin/../lib/gcc/msp430/4.7.2/mcpu-430x/mmpy-16/msr20/mc20/libcrt0.a(_endless_loop__.o)
                0x00003374                _endless_loop__
 *(SORT(.fini) SORT(.fini.*))
                0x0000337a                . = ALIGN (0x2)
                0x0000337a                __ctors_start = .
 *(SORT(.ctors))
                0x0000337a                __ctors_end = .
                0x0000337a                __dtors_start = .
 *(SORT(.dtors))
                0x0000337a                __dtors_end = .
                0x0000337a                . = ALIGN (0x2)
 *(SORT(.text) SORT(.text.*) SORT(.gnu.linkonce.t.*))
 .text          0x0000337a        0x4 /home/aykhan/msp430/bin/../lib/gcc/msp430/4.7.2/mcpu-430x/mmpy-16/msr20/mc20/crt0ivtbl32.o
                0x0000337a                __isr_14
                0x0000337a                __isr_4
                0x0000337a                __isr_29
                0x0000337a                __isr_11
                0x0000337a                __isr_5
                0x0000337a                __isr_2
                0x0000337a                __isr_10
                0x0000337a                __isr_7
                0x0000337a                __isr_0
                0x0000337a                __isr_8
                0x0000337a                __isr_20
                0x0000337a                __isr_3
                0x0000337a                __isr_12
                0x0000337a                __isr_13
                0x0000337a                __isr_27
                0x0000337a                __isr_9
                0x0000337a                __isr_30
                0x0000337a                __isr_6
                0x0000337a                __isr_22
                0x0000337a                __isr_1
                0x0000337a                __isr_15
                0x0000337a                __isr_21
 .text.crt0     0x0000337e        0x2 /home/aykhan/msp430/bin/../lib/gcc/msp430/4.7.2/mcpu-430x/mmpy-16/msr20/mc20/libcrt0.a(_unexpected_.o)
                0x0000337e                _unexpected_
 .text.libgcc   0x00003380       0x26 /home/aykhan/msp430/bin/../lib/gcc/msp430/4.7.2/mcpu-430x/mmpy-16/msr20/mc20/libgcc.a(_mulsi3.o)
                0x00003380                __mulsi3
 .text.libgcc   0x000033a6       0x26 /home/aykhan/msp430/bin/../lib/gcc/msp430/4.7.2/mcpu-430x/mmpy-16/msr20/mc20/libgcc.a(_mulsidi3.o)
                0x000033a6                __mulsidi3
 .text.libgcc   0x000033cc       0x58 /home/aykhan/msp430/bin/../lib/gcc/msp430/4.7.2/mcpu-430x/mmpy-16/msr20/mc20/libgcc.a(_muldi3.o)
                0x000033cc                __muldi3
                0x000033e6                __xabi_muldi3
 .text.libgcc   0x00003424       0x22 /home/aykhan/msp430/bin/../lib/gcc/msp430/4.7.2/mcpu-430x/mmpy-16/msr20/mc20/libgcc.a(_udivmod16.o)
                0x00003424                __udivhi3
                0x00003424                __ext_udivmod16
                0x0000343e                __umodhi3
 .text.libgcc   0x00003446       0x3a /home/aykhan/msp430/bin/../lib/gcc/msp430/4.7.2/mcpu-430x/mmpy-16/msr20/mc20/libgcc.a(_divmod16.o)
                0x00003446                __ext_divmod16
                0x00003446                __divhi3
                0x00003478                __modhi3
 .text.libgcc   0x00003480       0x38 /home/aykhan/msp430/bin/../lib/gcc/msp430/4.7.2/mcpu-430x/mmpy-16/msr20/mc20/libgcc.a(_udivmod32.o)
                0x00003480                __udivsi3
                0x00003480                __ext_udivmod32
                0x000034ae                __umodsi3
 .text.libgcc   0x000034b8       0x4c /home/aykhan/msp430/bin/../lib/gcc/msp430/4.7.2/mcpu-430x/mmpy-16/msr20/mc20/libgcc.a(_divmod32.o)
                0x000034b8                __ext_divmod32
                0x000034b8                __divsi3
                0x000034fa                __modsi3
 .text.libgcc   0x00003504       0x9e /home/aykhan/msp430/bin/../lib/gcc/msp430/4.7.2/mcpu-430x/mmpy-16/msr20/mc20/libgcc.a(_divmod64.o)
                0x00003504                __xabi_divmod64
                0x00003566                __divdi3
                0x00003580                __moddi3
 .text.libgcc   0x000035a2       0xbc /home/aykhan/msp430/bin/../lib/gcc/msp430/4.7.2/mcpu-430x/mmpy-16/msr20/mc20/libgcc.a(_udivmod64.o)
                0x000035a2                __xabi_udivmod64
                0x000035f4                __udivdi3
                0x0000360e                __umoddi3
                0x00003630                __udivmoddi4
 *(SORT(.near.text) SORT(.near.text.*))
 .near.text.port1_isr
                0x0000365e       0x84 build/z1/obj/adxl345.o
                0x0000365e                port1_isr
                0x0000365e                __isr_18
 .near.text.irq_p2
                0x000036e2       0x3c build/z1/obj/button-sensor.o
                0x000036e2                irq_p2
                0x000036e2                __isr_19
 .near.text.cc2420_timerb1_interrupt
                0x0000371e       0x26 build/z1/obj/cc2420-arch-sfd.o
                0x0000371e                cc2420_timerb1_interrupt
                0x0000371e                __isr_28
 .near.text.timera1
                0x00003744       0xcc build/z1/obj/clock.o
                0x00003744                __isr_24
                0x00003744                timera1
 .near.text.i2c_tx_interrupt
                0x00003810       0x84 build/z1/obj/i2cmaster.o
                0x00003810                __isr_16
                0x00003810                i2c_tx_interrupt
 .near.text.i2c_rx_interrupt
                0x00003894       0x14 build/z1/obj/i2cmaster.o
                0x00003894                i2c_rx_interrupt
                0x00003894                __isr_17
 .near.text.timera0
                0x000038a8       0x20 build/z1/obj/rtimer-arch.o
                0x000038a8                __isr_25
                0x000038a8                timera0
 .near.text.uart0_rx_interrupt
                0x000038c8       0x2a build/z1/obj/uart0.o
                0x000038c8                __isr_23
                0x000038c8                uart0_rx_interrupt
 .near.text.watchdog_interrupt
                0x000038f2        0x6 build/z1/obj/watchdog.o
                0x000038f2                __isr_26
                0x000038f2                watchdog_interrupt
 .any.text.status
                0x000038f8       0x12 build/z1/obj/adxl345.o
 .any.text.accm_write_reg
                0x0000390a       0x2e build/z1/obj/adxl345.o
 .any.text.accm_write_stream
                0x00003938       0x2a build/z1/obj/adxl345.o
 .any.text.accm_read_reg
                0x00003962       0x54 build/z1/obj/adxl345.o
 .any.text.process_thread_accmeter_process
                0x000039b6       0x56 build/z1/obj/adxl345.o
 .any.text.accm_read_axis.part.0
                0x00003a0c       0x5a build/z1/obj/adxl345.o
 .any.text.value
                0x00003a66       0x1e build/z1/obj/adxl345.o
 .any.text.accm_init
                0x00003a84       0x78 build/z1/obj/adxl345.o
                0x00003a84                accm_init
 .any.text.accm_stop
                0x00003afc       0x32 build/z1/obj/adxl345.o
                0x00003afc                accm_stop
 .any.text.configure
                0x00003b2e       0x26 build/z1/obj/adxl345.o
 .any.text.autostart_start
                0x00003b54       0x16 build/z1/obj/autostart.o
                0x00003b54                autostart_start
 .any.text.status
                0x00003b6a       0x18 build/z1/obj/button-sensor.o
 .any.text.value
                0x00003b82       0x1a build/z1/obj/button-sensor.o
 .any.text.configure
                0x00003b9c       0x4e build/z1/obj/button-sensor.o
 .any.text.cc2420_arch_sfd_init
                0x00003bea       0x26 build/z1/obj/cc2420-arch-sfd.o
                0x00003bea                cc2420_arch_sfd_init
 .any.text.cc2420_arch_init
                0x00003c10       0x1e build/z1/obj/cc2420-arch.o
                0x00003c10                cc2420_arch_init
 .any.text.set_object
                0x00003c2e        0x4 build/z1/obj/cc2420.o
 .any.text.strobe
                0x00003c32       0x1a build/z1/obj/cc2420.o
 .any.text.getreg
                0x00003c4c       0x46 build/z1/obj/cc2420.o
 .any.text.setreg
                0x00003c92       0x44 build/z1/obj/cc2420.o
 .any.text.write_ram
                0x00003cd6       0x72 build/z1/obj/cc2420.o
 .any.text.write_fifo_buf
                0x00003d48       0x38 build/z1/obj/cc2420.o
 .any.text.get_status
                0x00003d80       0x1e build/z1/obj/cc2420.o
 .any.text.on   0x00003d9e       0x1a build/z1/obj/cc2420.o
 .any.text.cc2420_receiving_packet
                0x00003db8        0xa build/z1/obj/cc2420.o
 .any.text.pending_packet
                0x00003dc2        0xa build/z1/obj/cc2420.o
 .any.text.wait_for_transmission
                0x00003dcc       0x22 build/z1/obj/cc2420.o
 .any.text.wait_for_status
                0x00003dee       0x24 build/z1/obj/cc2420.o
 .any.text.getrxdata
                0x00003e12       0x4c build/z1/obj/cc2420.o
 .any.text.flushrx
                0x00003e5e       0x1a build/z1/obj/cc2420.o
 .any.text.off  0x00003e78       0x28 build/z1/obj/cc2420.o
 .any.text.RELEASE_LOCK
                0x00003ea0       0x28 build/z1/obj/cc2420.o
 .any.text.set_frame_filtering
                0x00003ec8       0x30 build/z1/obj/cc2420.o
 .any.text.set_auto_ack
                0x00003ef8       0x30 build/z1/obj/cc2420.o
 .any.text.set_poll_mode
                0x00003f28       0x2c build/z1/obj/cc2420.o
 .any.text.get_object
                0x00003f54       0x20 build/z1/obj/cc2420.o
 .any.text.cc2420_prepare
                0x00003f74       0x42 build/z1/obj/cc2420.o
 .any.text.cc2420_on
                0x00003fb6       0x22 build/z1/obj/cc2420.o
                0x00003fb6                cc2420_on
 .any.text.cc2420_transmit
                0x00003fd8       0x66 build/z1/obj/cc2420.o
 .any.text.cc2420_send
                0x0000403e       0x12 build/z1/obj/cc2420.o
 .any.text.cc2420_off
                0x00004050       0x30 build/z1/obj/cc2420.o
                0x00004050                cc2420_off
 .any.text.cc2420_cca
                0x00004080       0x54 build/z1/obj/cc2420.o
 .any.text.cc2420_read
                0x000040d4       0xba build/z1/obj/cc2420.o
 .any.text.process_thread_cc2420_process
                0x0000418e       0x56 build/z1/obj/cc2420.o
 .any.text.cc2420_set_channel
                0x000041e4       0x3a build/z1/obj/cc2420.o
                0x000041e4                cc2420_set_channel
 .any.text.cc2420_set_pan_addr
                0x0000421e       0x4c build/z1/obj/cc2420.o
                0x0000421e                cc2420_set_pan_addr
 .any.text.cc2420_interrupt
                0x0000426a       0x16 build/z1/obj/cc2420.o
                0x0000426a                cc2420_interrupt
 .any.text.cc2420_set_txpower
                0x00004280       0x2c build/z1/obj/cc2420.o
                0x00004280                cc2420_set_txpower
 .any.text.cc2420_get_txpower
                0x000042ac       0x1e build/z1/obj/cc2420.o
                0x000042ac                cc2420_get_txpower
 .any.text.cc2420_rssi
                0x000042ca       0x48 build/z1/obj/cc2420.o
                0x000042ca                cc2420_rssi
 .any.text.get_value
                0x00004312      0x11e build/z1/obj/cc2420.o
 .any.text.cc2420_set_cca_threshold
                0x00004430       0x16 build/z1/obj/cc2420.o
                0x00004430                cc2420_set_cca_threshold
 .any.text.set_value
                0x00004446      0x14a build/z1/obj/cc2420.o
 .any.text.cc2420_init
                0x00004590       0xea build/z1/obj/cc2420.o
                0x00004590                cc2420_init
 .any.text.clock_time
                0x0000467a       0x1a build/z1/obj/clock.o
                0x0000467a                clock_time
 .any.text.clock_init
                0x00004694       0x28 build/z1/obj/clock.o
                0x00004694                clock_init
 .any.text.clock_delay
                0x000046bc        0xc build/z1/obj/clock.o
                0x000046bc                clock_delay
 .any.text.clock_wait
                0x000046c8       0x24 build/z1/obj/clock.o
                0x000046c8                clock_wait
 .any.text.clock_seconds
                0x000046ec       0x1a build/z1/obj/clock.o
                0x000046ec                clock_seconds
 .any.text.process_thread_ctimer_process
                0x00004706       0x92 build/z1/obj/ctimer.o
 .any.text.ctimer_init
                0x00004798       0x10 build/z1/obj/ctimer.o
                0x00004798                ctimer_init
 .any.text.ctimer_set_with_process
                0x000047a8       0x4a build/z1/obj/ctimer.o
                0x000047a8                ctimer_set_with_process
 .any.text.ctimer_reset
                0x000047f2       0x2c build/z1/obj/ctimer.o
                0x000047f2                ctimer_reset
 .any.text.ctimer_stop
                0x0000481e       0x28 build/z1/obj/ctimer.o
                0x0000481e                ctimer_stop
 .any.text.ctimer_expired
                0x00004846       0x20 build/z1/obj/ctimer.o
                0x00004846                ctimer_expired
 .any.text.update_time
                0x00004866       0x70 build/z1/obj/etimer.o
 .any.text.etimer_request_poll
                0x000048d6        0xa build/z1/obj/etimer.o
                0x000048d6                etimer_request_poll
 .any.text.process_thread_etimer_process
                0x000048e0       0xc4 build/z1/obj/etimer.o
 .any.text.add_timer
                0x000049a4       0x40 build/z1/obj/etimer.o
 .any.text.etimer_set
                0x000049e4       0x12 build/z1/obj/etimer.o
                0x000049e4                etimer_set
 .any.text.etimer_reset
                0x000049f6       0x12 build/z1/obj/etimer.o
                0x000049f6                etimer_reset
 .any.text.etimer_restart
                0x00004a08       0x12 build/z1/obj/etimer.o
                0x00004a08                etimer_restart
 .any.text.etimer_pending
                0x00004a1a        0xc build/z1/obj/etimer.o
                0x00004a1a                etimer_pending
 .any.text.etimer_next_expiration_time
                0x00004a26       0x16 build/z1/obj/etimer.o
                0x00004a26                etimer_next_expiration_time
 .any.text.etimer_stop
                0x00004a3c       0x3e build/z1/obj/etimer.o
                0x00004a3c                etimer_stop
 .any.text.frame802154_get_pan_id
                0x00004a7a        0x6 build/z1/obj/frame802154.o
                0x00004a7a                frame802154_get_pan_id
 .any.text.frame802154_set_pan_id
                0x00004a80        0x6 build/z1/obj/frame802154.o
                0x00004a80                frame802154_set_pan_id
 .any.text.frame802154_has_panid
                0x00004a86       0xe0 build/z1/obj/frame802154.o
                0x00004a86                frame802154_has_panid
 .any.text.field_len
                0x00004b66       0xa6 build/z1/obj/frame802154.o
 .any.text.frame802154_check_dest_panid
                0x00004c0c       0x3a build/z1/obj/frame802154.o
                0x00004c0c                frame802154_check_dest_panid
 .any.text.frame802154_is_broadcast_addr
                0x00004c46       0x28 build/z1/obj/frame802154.o
                0x00004c46                frame802154_is_broadcast_addr
 .any.text.frame802154_extract_linkaddr
                0x00004c6e       0x8c build/z1/obj/frame802154.o
                0x00004c6e                frame802154_extract_linkaddr
 .any.text.frame802154_hdrlen
                0x00004cfa       0x32 build/z1/obj/frame802154.o
                0x00004cfa                frame802154_hdrlen
 .any.text.frame802154_create_fcf
                0x00004d2c       0x6e build/z1/obj/frame802154.o
                0x00004d2c                frame802154_create_fcf
 .any.text.frame802154_create
                0x00004d9a       0xbe build/z1/obj/frame802154.o
                0x00004d9a                frame802154_create
 .any.text.frame802154_parse_fcf
                0x00004e58       0x8c build/z1/obj/frame802154.o
                0x00004e58                frame802154_parse_fcf
 .any.text.frame802154_parse
                0x00004ee4      0x15c build/z1/obj/frame802154.o
                0x00004ee4                frame802154_parse
 .any.text.frame80215e_create_ie_header_ack_nack_time_correction
                0x00005040       0x38 build/z1/obj/frame802154e-ie.o
                0x00005040                frame80215e_create_ie_header_ack_nack_time_correction
 .any.text.frame80215e_create_ie_header_list_termination_1
                0x00005078       0x1c build/z1/obj/frame802154e-ie.o
                0x00005078                frame80215e_create_ie_header_list_termination_1
 .any.text.frame80215e_create_ie_mlme
                0x00005094       0x28 build/z1/obj/frame802154e-ie.o
                0x00005094                frame80215e_create_ie_mlme
 .any.text.frame80215e_create_ie_tsch_synchronization
                0x000050bc       0x56 build/z1/obj/frame802154e-ie.o
                0x000050bc                frame80215e_create_ie_tsch_synchronization
 .any.text.frame80215e_create_ie_tsch_slotframe_and_link
                0x00005112       0xbe build/z1/obj/frame802154e-ie.o
                0x00005112                frame80215e_create_ie_tsch_slotframe_and_link
 .any.text.frame80215e_create_ie_tsch_timeslot
                0x000051d0       0x66 build/z1/obj/frame802154e-ie.o
                0x000051d0                frame80215e_create_ie_tsch_timeslot
 .any.text.frame80215e_create_ie_tsch_channel_hopping_sequence
                0x00005236       0x9a build/z1/obj/frame802154e-ie.o
                0x00005236                frame80215e_create_ie_tsch_channel_hopping_sequence
 .any.text.frame802154e_parse_information_elements
                0x000052d0      0x346 build/z1/obj/frame802154e-ie.o
                0x000052d0                frame802154e_parse_information_elements
 .any.text.parse
                0x00005616       0x9e build/z1/obj/framer-802154.o
 .any.text.framer_802154_setup_params
                0x000056b4       0xb2 build/z1/obj/framer-802154.o
                0x000056b4                framer_802154_setup_params
 .any.text.create_frame
                0x00005766       0x9e build/z1/obj/framer-802154.o
 .any.text.create
                0x00005804        0x8 build/z1/obj/framer-802154.o
 .any.text.hdr_length
                0x0000580c        0x8 build/z1/obj/framer-802154.o
 .any.text.i2c_receiveinit
                0x00005814       0x36 build/z1/obj/i2cmaster.o
                0x00005814                i2c_receiveinit
 .any.text.i2c_transmitinit
                0x0000584a       0x30 build/z1/obj/i2cmaster.o
                0x0000584a                i2c_transmitinit
 .any.text.i2c_receive_n
                0x0000587a       0x3e build/z1/obj/i2cmaster.o
                0x0000587a                i2c_receive_n
 .any.text.i2c_busy
                0x000058b8        0xa build/z1/obj/i2cmaster.o
                0x000058b8                i2c_busy
 .any.text.i2c_enable
                0x000058c2       0x22 build/z1/obj/i2cmaster.o
                0x000058c2                i2c_enable
 .any.text.i2c_transmit_n
                0x000058e4       0x14 build/z1/obj/i2cmaster.o
                0x000058e4                i2c_transmit_n
 .any.text.int_master_read_and_disable
                0x000058f8        0x8 build/z1/obj/int-master.o
                0x000058f8                int_master_read_and_disable
 .any.text.int_master_status_set
                0x00005900        0x4 build/z1/obj/int-master.o
                0x00005900                int_master_status_set
 .any.text.leds_arch_init
                0x00005904        0xe build/z1/obj/leds-arch.o
                0x00005904                leds_arch_init
 .any.text.leds_arch_get
                0x00005912       0x34 build/z1/obj/leds-arch.o
                0x00005912                leds_arch_get
 .any.text.leds_arch_set
                0x00005946       0x3e build/z1/obj/leds-arch.o
                0x00005946                leds_arch_set
 .any.text.leds_init
                0x00005984        0x6 build/z1/obj/leds.o
                0x00005984                leds_init
 .any.text.leds_on
                0x0000598a       0x12 build/z1/obj/leds.o
                0x0000598a                leds_on
 .any.text.leds_off
                0x0000599c       0x12 build/z1/obj/leds.o
                0x0000599c                leds_off
 .any.text.periodic
                0x000059ae       0x2c build/z1/obj/link-stats.o
 .any.text.link_stats_from_lladdr
                0x000059da        0xc build/z1/obj/link-stats.o
                0x000059da                link_stats_from_lladdr
 .any.text.link_stats_is_fresh
                0x000059e6       0x30 build/z1/obj/link-stats.o
                0x000059e6                link_stats_is_fresh
 .any.text.link_stats_packet_sent
                0x00005a16       0xe2 build/z1/obj/link-stats.o
                0x00005a16                link_stats_packet_sent
 .any.text.link_stats_input_callback
                0x00005af8       0xf6 build/z1/obj/link-stats.o
                0x00005af8                link_stats_input_callback
 .any.text.link_stats_reset
                0x00005bee       0x2a build/z1/obj/link-stats.o
                0x00005bee                link_stats_reset
 .any.text.link_stats_init
                0x00005c18       0x26 build/z1/obj/link-stats.o
                0x00005c18                link_stats_init
 .any.text.linkaddr_copy
                0x00005c3e        0x8 build/z1/obj/linkaddr.o
                0x00005c3e                linkaddr_copy
 .any.text.linkaddr_cmp
                0x00005c46       0x12 build/z1/obj/linkaddr.o
                0x00005c46                linkaddr_cmp
 .any.text.list_tail
                0x00005c58       0x12 build/z1/obj/list.o
                0x00005c58                list_tail
 .any.text.list_remove
                0x00005c6a       0x34 build/z1/obj/list.o
                0x00005c6a                list_remove
 .any.text.list_push
                0x00005c9e       0x16 build/z1/obj/list.o
                0x00005c9e                list_push
 .any.text.list_add
                0x00005cb4       0x26 build/z1/obj/list.o
                0x00005cb4                list_add
 .any.text.list_contains
                0x00005cda       0x12 build/z1/obj/list.o
                0x00005cda                list_contains
 .any.text.log_6addr
                0x00005cec       0x32 build/z1/obj/log.o
                0x00005cec                log_6addr
 .any.text.log_lladdr
                0x00005d1e       0x40 build/z1/obj/log.o
                0x00005d1e                log_lladdr
 .any.text.mac_sequence_init
                0x00005d5e        0xa build/z1/obj/mac-sequence.o
                0x00005d5e                mac_sequence_init
 .any.text.mac_sequence_set_dsn
                0x00005d68       0x18 build/z1/obj/mac-sequence.o
                0x00005d68                mac_sequence_set_dsn
 .any.text.mac_sequence_is_duplicate
                0x00005d80       0x6e build/z1/obj/mac-sequence.o
                0x00005d80                mac_sequence_is_duplicate
 .any.text.mac_sequence_register_seqno
                0x00005dee       0x86 build/z1/obj/mac-sequence.o
                0x00005dee                mac_sequence_register_seqno
 .any.text.memb_init
                0x00005e74       0x36 build/z1/obj/memb.o
                0x00005e74                memb_init
 .any.text.memb_alloc
                0x00005eaa       0x3e build/z1/obj/memb.o
                0x00005eaa                memb_alloc
 .any.text.memb_free
                0x00005ee8       0x32 build/z1/obj/memb.o
                0x00005ee8                memb_free
 .any.text.memb_inmemb
                0x00005f1a       0x2a build/z1/obj/memb.o
                0x00005f1a                memb_inmemb
 .any.text.memb_numfree
                0x00005f44       0x26 build/z1/obj/memb.o
                0x00005f44                memb_numfree
 .any.text.msp430_init_dco
                0x00005f6a       0x28 build/z1/obj/msp430.o
                0x00005f6a                msp430_init_dco
 .any.text.splhigh_
                0x00005f92        0xa build/z1/obj/msp430.o
                0x00005f92                splhigh_
 .any.text.msp430_sync_dco
                0x00005f9c       0x6e build/z1/obj/msp430.o
                0x00005f9c                msp430_sync_dco
 .any.text.msp430_cpu_init
                0x0000600a       0x2e build/z1/obj/msp430.o
                0x0000600a                msp430_cpu_init
 .any.text.item_from_index
                0x00006038       0x2a build/z1/obj/nbr-table.o
 .any.text.index_from_key
                0x00006062       0x26 build/z1/obj/nbr-table.o
 .any.text.index_from_item
                0x00006088       0x1e build/z1/obj/nbr-table.o
 .any.text.nbr_set_bit
                0x000060a6       0x4c build/z1/obj/nbr-table.o
 .any.text.index_from_lladdr
                0x000060f2       0x34 build/z1/obj/nbr-table.o
 .any.text.nbr_get_bit.constprop.3
                0x00006126       0x28 build/z1/obj/nbr-table.o
 .any.text.remove_key
                0x0000614e       0x70 build/z1/obj/nbr-table.o
 .any.text.nbr_table_is_registered
                0x000061be       0x22 build/z1/obj/nbr-table.o
                0x000061be                nbr_table_is_registered
 .any.text.nbr_table_register
                0x000061e0       0x3c build/z1/obj/nbr-table.o
                0x000061e0                nbr_table_register
 .any.text.nbr_table_next
                0x0000621c       0x4e build/z1/obj/nbr-table.o
                0x0000621c                nbr_table_next
 .any.text.nbr_table_head
                0x0000626a       0x32 build/z1/obj/nbr-table.o
                0x0000626a                nbr_table_head
 .any.text.nbr_table_get_from_lladdr
                0x0000629c       0x28 build/z1/obj/nbr-table.o
                0x0000629c                nbr_table_get_from_lladdr
 .any.text.entry_is_allowed.isra.2
                0x000062c4       0x6c build/z1/obj/nbr-table.o
 .any.text.nbr_table_add_lladdr
                0x00006330       0xb2 build/z1/obj/nbr-table.o
                0x00006330                nbr_table_add_lladdr
 .any.text.nbr_table_remove
                0x000063e2       0x2a build/z1/obj/nbr-table.o
                0x000063e2                nbr_table_remove
 .any.text.nbr_table_lock
                0x0000640c       0x10 build/z1/obj/nbr-table.o
                0x0000640c                nbr_table_lock
 .any.text.nbr_table_unlock
                0x0000641c       0x10 build/z1/obj/nbr-table.o
                0x0000641c                nbr_table_unlock
 .any.text.nbr_table_get_lladdr
                0x0000642c       0x20 build/z1/obj/nbr-table.o
                0x0000642c                nbr_table_get_lladdr
 .any.text.netstack_process_ip_callback
                0x0000644c       0x40 build/z1/obj/netstack.o
                0x0000644c                netstack_process_ip_callback
 .any.text.node_id_z1_restore
                0x0000648c       0x4c build/z1/obj/node-id-z1.o
                0x0000648c                node_id_z1_restore
 .any.text.packetbuf_hdrreduce
                0x000064d8       0x1a build/z1/obj/packetbuf.o
                0x000064d8                packetbuf_hdrreduce
 .any.text.packetbuf_set_datalen
                0x000064f2        0x6 build/z1/obj/packetbuf.o
                0x000064f2                packetbuf_set_datalen
 .any.text.packetbuf_hdrptr
                0x000064f8        0x6 build/z1/obj/packetbuf.o
                0x000064f8                packetbuf_hdrptr
 .any.text.packetbuf_datalen
                0x000064fe        0x6 build/z1/obj/packetbuf.o
                0x000064fe                packetbuf_datalen
 .any.text.packetbuf_hdrlen
                0x00006504        0xa build/z1/obj/packetbuf.o
                0x00006504                packetbuf_hdrlen
 .any.text.packetbuf_dataptr
                0x0000650e        0xc build/z1/obj/packetbuf.o
                0x0000650e                packetbuf_dataptr
 .any.text.packetbuf_copyto
                0x0000651a       0x3a build/z1/obj/packetbuf.o
                0x0000651a                packetbuf_copyto
 .any.text.packetbuf_totlen
                0x00006554        0xc build/z1/obj/packetbuf.o
                0x00006554                packetbuf_totlen
 .any.text.packetbuf_hdralloc
                0x00006560       0x3c build/z1/obj/packetbuf.o
                0x00006560                packetbuf_hdralloc
 .any.text.packetbuf_remaininglen
                0x0000659c        0xe build/z1/obj/packetbuf.o
                0x0000659c                packetbuf_remaininglen
 .any.text.packetbuf_attr_clear
                0x000065aa       0x28 build/z1/obj/packetbuf.o
                0x000065aa                packetbuf_attr_clear
 .any.text.packetbuf_clear
                0x000065d2       0x12 build/z1/obj/packetbuf.o
                0x000065d2                packetbuf_clear
 .any.text.packetbuf_copyfrom
                0x000065e4       0x2a build/z1/obj/packetbuf.o
                0x000065e4                packetbuf_copyfrom
 .any.text.packetbuf_attr_copyto
                0x0000660e       0x22 build/z1/obj/packetbuf.o
                0x0000660e                packetbuf_attr_copyto
 .any.text.packetbuf_attr_copyfrom
                0x00006630       0x24 build/z1/obj/packetbuf.o
                0x00006630                packetbuf_attr_copyfrom
 .any.text.packetbuf_set_attr
                0x00006654        0xa build/z1/obj/packetbuf.o
                0x00006654                packetbuf_set_attr
 .any.text.packetbuf_attr
                0x0000665e        0xa build/z1/obj/packetbuf.o
                0x0000665e                packetbuf_attr
 .any.text.packetbuf_set_addr
                0x00006668       0x12 build/z1/obj/packetbuf.o
                0x00006668                packetbuf_set_addr
 .any.text.packetbuf_addr
                0x0000667a        0xe build/z1/obj/packetbuf.o
                0x0000667a                packetbuf_addr
 .any.text.packetbuf_holds_broadcast
                0x00006688        0xe build/z1/obj/packetbuf.o
                0x00006688                packetbuf_holds_broadcast
 .any.text.platform_init_stage_one
                0x00006696       0x12 build/z1/obj/platform.o
                0x00006696                platform_init_stage_one
 .any.text.platform_init_stage_two
                0x000066a8       0xbe build/z1/obj/platform.o
                0x000066a8                platform_init_stage_two
 .any.text.platform_init_stage_three
                0x00006766       0x6a build/z1/obj/platform.o
                0x00006766                platform_init_stage_three
 .any.text.platform_idle
                0x000067d0       0x38 build/z1/obj/platform.o
                0x000067d0                platform_idle
 .any.text.call_process
                0x00006808       0x40 build/z1/obj/process.o
 .any.text.exit_process
                0x00006848       0x8e build/z1/obj/process.o
 .any.text.do_poll
                0x000068d6       0x30 build/z1/obj/process.o
 .any.text.process_alloc_event
                0x00006906       0x18 build/z1/obj/process.o
                0x00006906                process_alloc_event
 .any.text.process_init
                0x0000691e        0x8 build/z1/obj/process.o
                0x0000691e                process_init
 .any.text.process_run
                0x00006926       0x86 build/z1/obj/process.o
                0x00006926                process_run
 .any.text.process_nevents
                0x000069ac        0xa build/z1/obj/process.o
                0x000069ac                process_nevents
 .any.text.process_post
                0x000069b6       0x4a build/z1/obj/process.o
                0x000069b6                process_post
 .any.text.process_post_synch
                0x00006a00       0x12 build/z1/obj/process.o
                0x00006a00                process_post_synch
 .any.text.process_start
                0x00006a12       0x36 build/z1/obj/process.o
                0x00006a12                process_start
 .any.text.process_poll
                0x00006a48       0x18 build/z1/obj/process.o
                0x00006a48                process_poll
 .any.text.queuebuf_init
                0x00006a60       0x12 build/z1/obj/queuebuf.o
                0x00006a60                queuebuf_init
 .any.text.queuebuf_numfree
                0x00006a72        0xa build/z1/obj/queuebuf.o
                0x00006a72                queuebuf_numfree
 .any.text.queuebuf_new_from_packetbuf
                0x00006a7c       0x4e build/z1/obj/queuebuf.o
                0x00006a7c                queuebuf_new_from_packetbuf
 .any.text.queuebuf_free
                0x00006aca       0x2a build/z1/obj/queuebuf.o
                0x00006aca                queuebuf_free
 .any.text.queuebuf_to_packetbuf
                0x00006af4       0x32 build/z1/obj/queuebuf.o
                0x00006af4                queuebuf_to_packetbuf
 .any.text.queuebuf_dataptr
                0x00006b26       0x1c build/z1/obj/queuebuf.o
                0x00006b26                queuebuf_dataptr
 .any.text.queuebuf_datalen
                0x00006b42        0x8 build/z1/obj/queuebuf.o
                0x00006b42                queuebuf_datalen
 .any.text.random_init
                0x00006b4a        0x6 build/z1/obj/random.o
                0x00006b4a                random_init
 .any.text.random_rand
                0x00006b50        0x6 build/z1/obj/random.o
                0x00006b50                random_rand
 .any.text.ringbufindex_init
                0x00006b56       0x10 build/z1/obj/ringbufindex.o
                0x00006b56                ringbufindex_init
 .any.text.ringbufindex_put
                0x00006b66       0x28 build/z1/obj/ringbufindex.o
                0x00006b66                ringbufindex_put
 .any.text.ringbufindex_peek_put
                0x00006b8e       0x1c build/z1/obj/ringbufindex.o
                0x00006b8e                ringbufindex_peek_put
 .any.text.ringbufindex_get
                0x00006baa       0x28 build/z1/obj/ringbufindex.o
                0x00006baa                ringbufindex_get
 .any.text.ringbufindex_peek_get
                0x00006bd2       0x16 build/z1/obj/ringbufindex.o
                0x00006bd2                ringbufindex_peek_get
 .any.text.rpl_dag_root_set_prefix
                0x00006be8       0x5e build/z1/obj/rpl-dag-root.o
                0x00006be8                rpl_dag_root_set_prefix
 .any.text.rpl_dag_root_start
                0x00006c46       0x82 build/z1/obj/rpl-dag-root.o
                0x00006c46                rpl_dag_root_start
 .any.text.rpl_dag_root_is_root
                0x00006cc8       0x14 build/z1/obj/rpl-dag-root.o
                0x00006cc8                rpl_dag_root_is_root
 .any.text.init_dag
                0x00006cdc       0x78 build/z1/obj/rpl-dag.o
 .any.text.process_dio_init_dag
                0x00006d54       0xb0 build/z1/obj/rpl-dag.o
 .any.text.rpl_dag_get_root_ipaddr
                0x00006e04       0x1e build/z1/obj/rpl-dag.o
                0x00006e04                rpl_dag_get_root_ipaddr
 .any.text.rpl_dag_leave
                0x00006e22       0x4a build/z1/obj/rpl-dag.o
                0x00006e22                rpl_dag_leave
 .any.text.rpl_dag_poison_and_leave
                0x00006e6c        0xc build/z1/obj/rpl-dag.o
                0x00006e6c                rpl_dag_poison_and_leave
 .any.text.rpl_dag_periodic
                0x00006e78       0x6a build/z1/obj/rpl-dag.o
                0x00006e78                rpl_dag_periodic
 .any.text.rpl_is_addr_in_our_dag
                0x00006ee2       0x26 build/z1/obj/rpl-dag.o
                0x00006ee2                rpl_is_addr_in_our_dag
 .any.text.rpl_local_repair
                0x00006f08       0x2a build/z1/obj/rpl-dag.o
                0x00006f08                rpl_local_repair
 .any.text.rpl_global_repair
                0x00006f32       0x2e build/z1/obj/rpl-dag.o
                0x00006f32                rpl_global_repair
 .any.text.rpl_dag_ready_to_advertise
                0x00006f60       0x22 build/z1/obj/rpl-dag.o
                0x00006f60                rpl_dag_ready_to_advertise
 .any.text.rpl_dag_update_state
                0x00006f82      0x13c build/z1/obj/rpl-dag.o
                0x00006f82                rpl_dag_update_state
 .any.text.rpl_process_dio
                0x000070be      0x19e build/z1/obj/rpl-dag.o
                0x000070be                rpl_process_dio
 .any.text.rpl_process_dis
                0x0000725c       0x2a build/z1/obj/rpl-dag.o
                0x0000725c                rpl_process_dis
 .any.text.rpl_process_dao
                0x00007286       0x66 build/z1/obj/rpl-dag.o
                0x00007286                rpl_process_dao
 .any.text.rpl_process_dao_ack
                0x000072ec       0x50 build/z1/obj/rpl-dag.o
                0x000072ec                rpl_process_dao_ack
 .any.text.rpl_process_hbh
                0x0000733c       0x26 build/z1/obj/rpl-dag.o
                0x0000733c                rpl_process_hbh
 .any.text.rpl_dag_init_root
                0x00007362       0xac build/z1/obj/rpl-dag.o
                0x00007362                rpl_dag_init_root
 .any.text.rpl_dag_init
                0x0000740e       0x10 build/z1/obj/rpl-dag.o
                0x0000740e                rpl_dag_init
 .any.text.update_hbh_header
                0x0000741e       0x4a build/z1/obj/rpl-ext-header.o
 .any.text.rpl_ext_header_srh_get_next_hop
                0x00007468       0x7c build/z1/obj/rpl-ext-header.o
                0x00007468                rpl_ext_header_srh_get_next_hop
 .any.text.rpl_ext_header_srh_update
                0x000074e4      0x20e build/z1/obj/rpl-ext-header.o
                0x000074e4                rpl_ext_header_srh_update
 .any.text.rpl_ext_header_hbh_update
                0x000076f2       0x90 build/z1/obj/rpl-ext-header.o
                0x000076f2                rpl_ext_header_hbh_update
 .any.text.rpl_ext_header_remove
                0x00007782       0xc0 build/z1/obj/rpl-ext-header.o
                0x00007782                rpl_ext_header_remove
 .any.text.rpl_ext_header_update
                0x00007842      0x266 build/z1/obj/rpl-ext-header.o
                0x00007842                rpl_ext_header_update
 .any.text.get32
                0x00007aa8       0x3e build/z1/obj/rpl-icmp6.o
 .any.text.set32
                0x00007ae6       0x2a build/z1/obj/rpl-icmp6.o
 .any.text.get16
                0x00007b10        0xe build/z1/obj/rpl-icmp6.o
 .any.text.set16
                0x00007b1e       0x10 build/z1/obj/rpl-icmp6.o
 .any.text.dao_ack_input
                0x00007b2e       0x30 build/z1/obj/rpl-icmp6.o
 .any.text.dao_input
                0x00007b5e      0x158 build/z1/obj/rpl-icmp6.o
 .any.text.dio_input
                0x00007cb6      0x292 build/z1/obj/rpl-icmp6.o
 .any.text.dis_input
                0x00007f48       0x1e build/z1/obj/rpl-icmp6.o
 .any.text.rpl_icmp6_update_nbr_table
                0x00007f66       0x2e build/z1/obj/rpl-icmp6.o
                0x00007f66                rpl_icmp6_update_nbr_table
 .any.text.rpl_icmp6_dis_output
                0x00007f94       0x34 build/z1/obj/rpl-icmp6.o
                0x00007f94                rpl_icmp6_dis_output
 .any.text.rpl_icmp6_dio_output
                0x00007fc8      0x20a build/z1/obj/rpl-icmp6.o
                0x00007fc8                rpl_icmp6_dio_output
 .any.text.rpl_icmp6_dao_output
                0x000081d2       0xd6 build/z1/obj/rpl-icmp6.o
                0x000081d2                rpl_icmp6_dao_output
 .any.text.rpl_icmp6_dao_ack_output
                0x000082a8       0x46 build/z1/obj/rpl-icmp6.o
                0x000082a8                rpl_icmp6_dao_ack_output
 .any.text.rpl_icmp6_init
                0x000082ee       0x22 build/z1/obj/rpl-icmp6.o
                0x000082ee                rpl_icmp6_init
 .any.text.reset
                0x00008310        0x2 build/z1/obj/rpl-mrhof.o
 .any.text.update_metric_container
                0x00008312        0x6 build/z1/obj/rpl-mrhof.o
 .any.text.nbr_link_metric
                0x00008318       0x12 build/z1/obj/rpl-mrhof.o
 .any.text.nbr_has_usable_link
                0x0000832a       0x14 build/z1/obj/rpl-mrhof.o
 .any.text.nbr_path_cost
                0x0000833e       0x34 build/z1/obj/rpl-mrhof.o
 .any.text.within_hysteresis
                0x00008372       0x4c build/z1/obj/rpl-mrhof.o
 .any.text.nbr_is_acceptable_parent
                0x000083be       0x28 build/z1/obj/rpl-mrhof.o
 .any.text.rank_via_nbr
                0x000083e6       0x40 build/z1/obj/rpl-mrhof.o
 .any.text.best_parent
                0x00008426       0x74 build/z1/obj/rpl-mrhof.o
 .any.text.get_rank
                0x0000849a       0x16 build/z1/obj/rpl-nbr-policy.o
 .any.text.rpl_nbr_gc_get_worst
                0x000084b0       0x20 build/z1/obj/rpl-nbr-policy.o
                0x000084b0                rpl_nbr_gc_get_worst
 .any.text.remove_neighbor
                0x000084d0       0x24 build/z1/obj/rpl-neighbor.o
 .any.text.rpl_neighbor_get_from_lladdr
                0x000084f4        0xc build/z1/obj/rpl-neighbor.o
                0x000084f4                rpl_neighbor_get_from_lladdr
 .any.text.rpl_neighbor_rank_via_nbr
                0x00008500       0x18 build/z1/obj/rpl-neighbor.o
                0x00008500                rpl_neighbor_rank_via_nbr
 .any.text.rpl_neighbor_get_lladdr
                0x00008518        0xc build/z1/obj/rpl-neighbor.o
                0x00008518                rpl_neighbor_get_lladdr
 .any.text.rpl_neighbor_get_ipaddr
                0x00008524        0xa build/z1/obj/rpl-neighbor.o
                0x00008524                rpl_neighbor_get_ipaddr
 .any.text.rpl_neighbor_get_link_stats
                0x0000852e        0xa build/z1/obj/rpl-neighbor.o
                0x0000852e                rpl_neighbor_get_link_stats
 .any.text.rpl_neighbor_is_fresh
                0x00008538        0xa build/z1/obj/rpl-neighbor.o
                0x00008538                rpl_neighbor_is_fresh
 .any.text.best_parent
                0x00008542       0x9c build/z1/obj/rpl-neighbor.o
 .any.text.rpl_neighbor_set_preferred_parent
                0x000085de       0x52 build/z1/obj/rpl-neighbor.o
                0x000085de                rpl_neighbor_set_preferred_parent
 .any.text.rpl_neighbor_remove_all
                0x00008630       0x30 build/z1/obj/rpl-neighbor.o
                0x00008630                rpl_neighbor_remove_all
 .any.text.rpl_neighbor_get_from_ipaddr
                0x00008660       0x14 build/z1/obj/rpl-neighbor.o
                0x00008660                rpl_neighbor_get_from_ipaddr
 .any.text.rpl_neighbor_select_best
                0x00008674       0x54 build/z1/obj/rpl-neighbor.o
                0x00008674                rpl_neighbor_select_best
 .any.text.rpl_neighbor_init
                0x000086c8        0xe build/z1/obj/rpl-neighbor.o
                0x000086c8                rpl_neighbor_init
 .any.text.handle_state_update
                0x000086d6        0x6 build/z1/obj/rpl-timers.o
 .any.text.handle_leaving_timer
                0x000086dc        0xc build/z1/obj/rpl-timers.o
 .any.text.handle_unicast_dio_timer
                0x000086e8       0x12 build/z1/obj/rpl-timers.o
 .any.text.handle_dao_ack_timer
                0x000086fa       0x12 build/z1/obj/rpl-timers.o
 .any.text.ctimer_set.constprop.3
                0x0000870c        0xe build/z1/obj/rpl-timers.o
 .any.text.new_dio_interval
                0x0000871a       0xaa build/z1/obj/rpl-timers.o
 .any.text.handle_dio_timer
                0x000087c4       0x6a build/z1/obj/rpl-timers.o
 .any.text.schedule_dao_retransmission
                0x0000882e       0x2c build/z1/obj/rpl-timers.o
 .any.text.send_new_dao
                0x0000885a       0x28 build/z1/obj/rpl-timers.o
 .any.text.resend_dao
                0x00008882       0x24 build/z1/obj/rpl-timers.o
 .any.text.rpl_timers_schedule_periodic_dis
                0x000088a6       0x38 build/z1/obj/rpl-timers.o
                0x000088a6                rpl_timers_schedule_periodic_dis
 .any.text.handle_periodic_timer
                0x000088de       0x3a build/z1/obj/rpl-timers.o
 .any.text.handle_dis_timer
                0x00008918       0x26 build/z1/obj/rpl-timers.o
 .any.text.rpl_timers_dio_reset
                0x0000893e       0x2e build/z1/obj/rpl-timers.o
                0x0000893e                rpl_timers_dio_reset
 .any.text.rpl_timers_schedule_unicast_dio
                0x0000896c       0x1c build/z1/obj/rpl-timers.o
                0x0000896c                rpl_timers_schedule_unicast_dio
 .any.text.rpl_timers_schedule_dao
                0x00008988       0x34 build/z1/obj/rpl-timers.o
                0x00008988                rpl_timers_schedule_dao
 .any.text.rpl_timers_schedule_dao_ack
                0x000089bc       0x30 build/z1/obj/rpl-timers.o
                0x000089bc                rpl_timers_schedule_dao_ack
 .any.text.rpl_timers_notify_dao_ack
                0x000089ec       0x7a build/z1/obj/rpl-timers.o
                0x000089ec                rpl_timers_notify_dao_ack
 .any.text.get_probing_delay
                0x00008a66       0x1c build/z1/obj/rpl-timers.o
                0x00008a66                get_probing_delay
 .any.text.get_probing_target
                0x00008a82       0xda build/z1/obj/rpl-timers.o
                0x00008a82                get_probing_target
 .any.text.rpl_schedule_probing
                0x00008b5c       0x1c build/z1/obj/rpl-timers.o
                0x00008b5c                rpl_schedule_probing
 .any.text.handle_probing_timer
                0x00008b78       0x26 build/z1/obj/rpl-timers.o
 .any.text.rpl_schedule_probing_now
                0x00008b9e       0x20 build/z1/obj/rpl-timers.o
                0x00008b9e                rpl_schedule_probing_now
 .any.text.rpl_timers_unschedule_leaving
                0x00008bbe       0x1c build/z1/obj/rpl-timers.o
                0x00008bbe                rpl_timers_unschedule_leaving
 .any.text.rpl_timers_schedule_leaving
                0x00008bda       0x26 build/z1/obj/rpl-timers.o
                0x00008bda                rpl_timers_schedule_leaving
 .any.text.rpl_timers_init
                0x00008c00       0x18 build/z1/obj/rpl-timers.o
                0x00008c00                rpl_timers_init
 .any.text.rpl_timers_stop_dag_timers
                0x00008c18       0x4c build/z1/obj/rpl-timers.o
                0x00008c18                rpl_timers_stop_dag_timers
 .any.text.rpl_timers_schedule_state_update
                0x00008c64       0x18 build/z1/obj/rpl-timers.o
                0x00008c64                rpl_timers_schedule_state_update
 .any.text.rpl_has_joined
                0x00008c7c       0x12 build/z1/obj/rpl.o
                0x00008c7c                rpl_has_joined
 .any.text.rpl_is_reachable
                0x00008c8e       0x12 build/z1/obj/rpl.o
                0x00008c8e                rpl_is_reachable
 .any.text.neighbor_state_changed
                0x00008ca0        0x2 build/z1/obj/rpl.o
 .any.text.drop_route
                0x00008ca2        0x2 build/z1/obj/rpl.o
 .any.text.rpl_get_leaf_only
                0x00008ca4        0x6 build/z1/obj/rpl.o
                0x00008ca4                rpl_get_leaf_only
 .any.text.get_sr_node_ipaddr
                0x00008caa       0x30 build/z1/obj/rpl.o
 .any.text.init
                0x00008cda       0x42 build/z1/obj/rpl.o
 .any.text.set_ip_from_prefix
                0x00008d1c       0x30 build/z1/obj/rpl.o
 .any.text.rpl_link_callback
                0x00008d4c       0x1e build/z1/obj/rpl.o
                0x00008d4c                rpl_link_callback
 .any.text.rpl_lollipop_greater_than
                0x00008d6a       0x3c build/z1/obj/rpl.o
                0x00008d6a                rpl_lollipop_greater_than
 .any.text.rpl_get_global_address
                0x00008da6       0x8c build/z1/obj/rpl.o
                0x00008da6                rpl_get_global_address
 .any.text.rpl_reset_prefix
                0x00008e32       0x24 build/z1/obj/rpl.o
                0x00008e32                rpl_reset_prefix
 .any.text.rpl_set_prefix_from_addr
                0x00008e56       0x80 build/z1/obj/rpl.o
                0x00008e56                rpl_set_prefix_from_addr
 .any.text.rtimer_arch_init
                0x00008ed6        0xe build/z1/obj/rtimer-arch.o
                0x00008ed6                rtimer_arch_init
 .any.text.rtimer_arch_now
                0x00008ee4        0xe build/z1/obj/rtimer-arch.o
                0x00008ee4                rtimer_arch_now
 .any.text.rtimer_arch_schedule
                0x00008ef2        0x6 build/z1/obj/rtimer-arch.o
                0x00008ef2                rtimer_arch_schedule
 .any.text.rtimer_set
                0x00008ef8       0x28 build/z1/obj/rtimer.o
                0x00008ef8                rtimer_set
 .any.text.rtimer_run_next
                0x00008f20       0x18 build/z1/obj/rtimer.o
                0x00008f20                rtimer_run_next
 .any.text.process_thread_udp_node_process
                0x00008f38      0x126 build/z1/obj/selam-tsch.o
 .any.text.udp_rx_callback
                0x0000905e       0x72 build/z1/obj/selam-tsch.o
 .any.text.process_thread_sensors_process
                0x000090d0       0xc2 build/z1/obj/sensors.o
 .any.text.sensors_changed
                0x00009192       0x2a build/z1/obj/sensors.o
                0x00009192                sensors_changed
 .any.text.clear_fragments
                0x000091bc       0x40 build/z1/obj/sicslowpan.o
 .any.text.addr_context_lookup_by_number
                0x000091fc       0x16 build/z1/obj/sicslowpan.o
 .any.text.sicslowpan_init
                0x00009212       0x18 build/z1/obj/sicslowpan.o
                0x00009212                sicslowpan_init
 .any.text.set_packet_attrs
                0x0000922a       0x66 build/z1/obj/sicslowpan.o
 .any.text.compress_addr_64
                0x00009290       0x9a build/z1/obj/sicslowpan.o
 .any.text.addr_context_lookup_by_prefix
                0x0000932a       0x20 build/z1/obj/sicslowpan.o
 .any.text.send_packet
                0x0000934a       0x10 build/z1/obj/sicslowpan.o
 .any.text.fragment_copy_payload_and_send
                0x0000935a       0x54 build/z1/obj/sicslowpan.o
 .any.text.packet_sent
                0x000093ae       0x4e build/z1/obj/sicslowpan.o
 .any.text.store_fragment
                0x000093fc       0x72 build/z1/obj/sicslowpan.o
 .any.text.add_fragment
                0x0000946e      0x1e8 build/z1/obj/sicslowpan.o
 .any.text.uncompress_addr
                0x00009656       0xb0 build/z1/obj/sicslowpan.o
 .any.text.output
                0x00009706      0x742 build/z1/obj/sicslowpan.o
 .any.text.input
                0x00009e48      0x99c build/z1/obj/sicslowpan.o
 .any.text.process_thread_simple_udp_process
                0x0000a7e4       0xa8 build/z1/obj/simple-udp.o
 .any.text.simple_udp_sendto
                0x0000a88c       0x28 build/z1/obj/simple-udp.o
                0x0000a88c                simple_udp_sendto
 .any.text.simple_udp_register
                0x0000a8b4       0x8c build/z1/obj/simple-udp.o
                0x0000a8b4                simple_udp_register
 .any.text.spi_init
                0x0000a940       0x32 build/z1/obj/spi-legacy.o
                0x0000a940                spi_init
 .any.text.stack_check_init
                0x0000a972       0x2e build/z1/obj/stack-check.o
                0x0000a972                stack_check_init
 .any.text.stack_check_get_usage
                0x0000a9a0       0x46 build/z1/obj/stack-check.o
                0x0000a9a0                stack_check_get_usage
 .any.text.process_thread_stack_check_process
                0x0000a9e6       0x88 build/z1/obj/stack-check.o
 .any.text.stimer_expired
                0x0000aa6e       0x30 build/z1/obj/stimer.o
                0x0000aa6e                stimer_expired
 .any.text.tcpip_output
                0x0000aa9e       0x22 build/z1/obj/tcpip.o
                0x0000aa9e                tcpip_output
 .any.text.udp_new
                0x0000aac0       0x1a build/z1/obj/tcpip.o
                0x0000aac0                udp_new
 .any.text.tcpip_input
                0x0000aada       0x1e build/z1/obj/tcpip.o
                0x0000aada                tcpip_input
 .any.text.tcpip_ipv6_output
                0x0000aaf8      0x10c build/z1/obj/tcpip.o
                0x0000aaf8                tcpip_ipv6_output
 .any.text.packet_input.part.3
                0x0000ac04       0x12 build/z1/obj/tcpip.o
 .any.text.process_thread_tcpip_process
                0x0000ac16       0xb0 build/z1/obj/tcpip.o
 .any.text.tcpip_uipcall
                0x0000acc6       0x2a build/z1/obj/tcpip.o
                0x0000acc6                tcpip_uipcall
 .any.text.timer_set
                0x0000acf0       0x1c build/z1/obj/timer.o
                0x0000acf0                timer_set
 .any.text.timer_restart
                0x0000ad0c       0x14 build/z1/obj/timer.o
                0x0000ad0c                timer_restart
 .any.text.timer_expired
                0x0000ad20       0x2a build/z1/obj/timer.o
                0x0000ad20                timer_expired
 .any.text.timer_reset
                0x0000ad4a       0x1c build/z1/obj/timer.o
                0x0000ad4a                timer_reset
 .any.text.status
                0x0000ad66       0x12 build/z1/obj/tmp102.o
 .any.text.tmp102_init
                0x0000ad78       0x24 build/z1/obj/tmp102.o
                0x0000ad78                tmp102_init
 .any.text.tmp102_stop
                0x0000ad9c        0xa build/z1/obj/tmp102.o
                0x0000ad9c                tmp102_stop
 .any.text.configure
                0x0000ada6       0x26 build/z1/obj/tmp102.o
 .any.text.tmp102_read_reg
                0x0000adcc       0x5e build/z1/obj/tmp102.o
                0x0000adcc                tmp102_read_reg
 .any.text.tmp102_read_temp_x100
                0x0000ae2a       0x58 build/z1/obj/tmp102.o
                0x0000ae2a                tmp102_read_temp_x100
 .any.text.value
                0x0000ae82        0x6 build/z1/obj/tmp102.o
 .any.text.tsch_timesync_adaptive_compensate
                0x0000ae88      0x200 build/z1/obj/tsch-adaptive-timesync.o
                0x0000ae88                tsch_timesync_adaptive_compensate
 .any.text.tsch_adaptive_timesync_reset
                0x0000b088       0x22 build/z1/obj/tsch-adaptive-timesync.o
                0x0000b088                tsch_adaptive_timesync_reset
 .any.text.tsch_timesync_update
                0x0000b0aa      0x184 build/z1/obj/tsch-adaptive-timesync.o
                0x0000b0aa                tsch_timesync_update
 .any.text.tsch_packet_eackbuf_attr
                0x0000b22e        0xa build/z1/obj/tsch-packet.o
                0x0000b22e                tsch_packet_eackbuf_attr
 .any.text.tsch_packet_create_eack
                0x0000b238       0xb6 build/z1/obj/tsch-packet.o
                0x0000b238                tsch_packet_create_eack
 .any.text.tsch_packet_parse_eack
                0x0000b2ee       0xb6 build/z1/obj/tsch-packet.o
                0x0000b2ee                tsch_packet_parse_eack
 .any.text.tsch_packet_create_eb
                0x0000b3a4      0x158 build/z1/obj/tsch-packet.o
                0x0000b3a4                tsch_packet_create_eb
 .any.text.tsch_packet_update_eb
                0x0000b4fc       0x42 build/z1/obj/tsch-packet.o
                0x0000b4fc                tsch_packet_update_eb
 .any.text.tsch_packet_parse_eb
                0x0000b53e       0x7c build/z1/obj/tsch-packet.o
                0x0000b53e                tsch_packet_parse_eb
 .any.text.tsch_packet_set_frame_pending
                0x0000b5ba        0x8 build/z1/obj/tsch-packet.o
                0x0000b5ba                tsch_packet_set_frame_pending
 .any.text.tsch_packet_get_frame_pending
                0x0000b5c2        0x8 build/z1/obj/tsch-packet.o
                0x0000b5c2                tsch_packet_get_frame_pending
 .any.text.tsch_queue_get_nbr
                0x0000b5ca       0x1e build/z1/obj/tsch-queue.o
                0x0000b5ca                tsch_queue_get_nbr
 .any.text.tsch_queue_add_nbr
                0x0000b5e8       0x82 build/z1/obj/tsch-queue.o
                0x0000b5e8                tsch_queue_add_nbr
 .any.text.tsch_queue_get_time_source
                0x0000b66a       0x2e build/z1/obj/tsch-queue.o
                0x0000b66a                tsch_queue_get_time_source
 .any.text.tsch_queue_get_nbr_address
                0x0000b698        0xc build/z1/obj/tsch-queue.o
                0x0000b698                tsch_queue_get_nbr_address
 .any.text.tsch_queue_update_time_source
                0x0000b6a4       0x60 build/z1/obj/tsch-queue.o
                0x0000b6a4                tsch_queue_update_time_source
 .any.text.tsch_queue_add_packet
                0x0000b704       0x88 build/z1/obj/tsch-queue.o
                0x0000b704                tsch_queue_add_packet
 .any.text.tsch_queue_nbr_packet_count
                0x0000b78c       0x1c build/z1/obj/tsch-queue.o
                0x0000b78c                tsch_queue_nbr_packet_count
 .any.text.tsch_queue_remove_packet_from_queue
                0x0000b7a8       0x30 build/z1/obj/tsch-queue.o
                0x0000b7a8                tsch_queue_remove_packet_from_queue
 .any.text.tsch_queue_free_packet
                0x0000b7d8       0x1c build/z1/obj/tsch-queue.o
                0x0000b7d8                tsch_queue_free_packet
 .any.text.tsch_queue_is_empty
                0x0000b7f4       0x2a build/z1/obj/tsch-queue.o
                0x0000b7f4                tsch_queue_is_empty
 .any.text.tsch_queue_flush_nbr_queue
                0x0000b81e       0x3e build/z1/obj/tsch-queue.o
 .any.text.tsch_queue_reset
                0x0000b85c       0x3a build/z1/obj/tsch-queue.o
                0x0000b85c                tsch_queue_reset
 .any.text.tsch_queue_free_unused_neighbors
                0x0000b896       0x5e build/z1/obj/tsch-queue.o
                0x0000b896                tsch_queue_free_unused_neighbors
 .any.text.tsch_queue_get_packet_for_nbr
                0x0000b8f4       0x4c build/z1/obj/tsch-queue.o
                0x0000b8f4                tsch_queue_get_packet_for_nbr
 .any.text.tsch_queue_get_unicast_packet_for_any
                0x0000b940       0x54 build/z1/obj/tsch-queue.o
                0x0000b940                tsch_queue_get_unicast_packet_for_any
 .any.text.tsch_queue_backoff_inc
                0x0000b994       0x4a build/z1/obj/tsch-queue.o
                0x0000b994                tsch_queue_backoff_inc
 .any.text.tsch_queue_packet_sent
                0x0000b9de       0x6a build/z1/obj/tsch-queue.o
                0x0000b9de                tsch_queue_packet_sent
 .any.text.tsch_queue_update_all_backoff_windows
                0x0000ba48       0x5e build/z1/obj/tsch-queue.o
                0x0000ba48                tsch_queue_update_all_backoff_windows
 .any.text.tsch_queue_init
                0x0000baa6       0x2c build/z1/obj/tsch-queue.o
                0x0000baa6                tsch_queue_init
 .any.text.tsch_roots_add_address
                0x0000bad2        0x2 build/z1/obj/tsch-roots.o
                0x0000bad2                tsch_roots_add_address
 .any.text.tsch_roots_set_self_to_root
                0x0000bad4        0x2 build/z1/obj/tsch-roots.o
                0x0000bad4                tsch_roots_set_self_to_root
 .any.text.tsch_roots_init
                0x0000bad6        0x2 build/z1/obj/tsch-roots.o
                0x0000bad6                tsch_roots_init
 .any.text.tsch_rpl_callback_ka_sent
                0x0000bad8       0x1a build/z1/obj/tsch-rpl.o
                0x0000bad8                tsch_rpl_callback_ka_sent
 .any.text.tsch_rpl_callback_joining_network
                0x0000baf2        0x2 build/z1/obj/tsch-rpl.o
                0x0000baf2                tsch_rpl_callback_joining_network
 .any.text.tsch_rpl_callback_leaving_network
                0x0000baf4        0xe build/z1/obj/tsch-rpl.o
                0x0000baf4                tsch_rpl_callback_leaving_network
 .any.text.tsch_rpl_callback_new_dio_interval
                0x0000bb02       0x46 build/z1/obj/tsch-rpl.o
                0x0000bb02                tsch_rpl_callback_new_dio_interval
 .any.text.tsch_rpl_callback_parent_switch
                0x0000bb48       0x16 build/z1/obj/tsch-rpl.o
                0x0000bb48                tsch_rpl_callback_parent_switch
 .any.text.tsch_rpl_check_dodag_joined
                0x0000bb5e        0x6 build/z1/obj/tsch-rpl.o
                0x0000bb5e                tsch_rpl_check_dodag_joined
 .any.text.tsch_schedule_get_slotframe_by_handle
                0x0000bb64       0x26 build/z1/obj/tsch-schedule.o
                0x0000bb64                tsch_schedule_get_slotframe_by_handle
 .any.text.tsch_schedule_add_slotframe
                0x0000bb8a       0x70 build/z1/obj/tsch-schedule.o
                0x0000bb8a                tsch_schedule_add_slotframe
 .any.text.tsch_schedule_remove_link
                0x0000bbfa       0x76 build/z1/obj/tsch-schedule.o
                0x0000bbfa                tsch_schedule_remove_link
 .any.text.tsch_schedule_remove_slotframe
                0x0000bc70       0x42 build/z1/obj/tsch-schedule.o
                0x0000bc70                tsch_schedule_remove_slotframe
 .any.text.tsch_schedule_remove_all_slotframes
                0x0000bcb2       0x1a build/z1/obj/tsch-schedule.o
                0x0000bcb2                tsch_schedule_remove_all_slotframes
 .any.text.tsch_schedule_get_link_by_timeslot
                0x0000bccc       0x2c build/z1/obj/tsch-schedule.o
                0x0000bccc                tsch_schedule_get_link_by_timeslot
 .any.text.tsch_schedule_add_link
                0x0000bcf8       0xc4 build/z1/obj/tsch-schedule.o
                0x0000bcf8                tsch_schedule_add_link
 .any.text.tsch_schedule_get_next_active_link
                0x0000bdbc      0x192 build/z1/obj/tsch-schedule.o
                0x0000bdbc                tsch_schedule_get_next_active_link
 .any.text.tsch_schedule_init
                0x0000bf4e       0x28 build/z1/obj/tsch-schedule.o
                0x0000bf4e                tsch_schedule_init
 .any.text.tsch_schedule_create_minimal
                0x0000bf76       0x28 build/z1/obj/tsch-schedule.o
                0x0000bf76                tsch_schedule_create_minimal
 .any.text.tsch_security_set_packetbuf_attr
                0x0000bf9e        0x2 build/z1/obj/tsch-security.o
                0x0000bf9e                tsch_security_set_packetbuf_attr
 .any.text.update_link_backoff
                0x0000bfa0       0x1a build/z1/obj/tsch-slot-operation.o
 .any.text.tsch_radio_on.part.2
                0x0000bfba        0x6 build/z1/obj/tsch-slot-operation.o
 .any.text.tsch_radio_off.part.3
                0x0000bfc0        0x6 build/z1/obj/tsch-slot-operation.o
 .any.text.tsch_schedule_slot_operation.isra.4
                0x0000bfc6       0x5e build/z1/obj/tsch-slot-operation.o
 .any.text.get_packet_and_neighbor_for_link.constprop.7
                0x0000c024       0x68 build/z1/obj/tsch-slot-operation.o
 .any.text.tsch_tx_slot.constprop.6
                0x0000c08c      0x41c build/z1/obj/tsch-slot-operation.o
 .any.text.tsch_slot_operation
                0x0000c4a8      0x710 build/z1/obj/tsch-slot-operation.o
 .any.text.tsch_is_locked
                0x0000cbb8        0x6 build/z1/obj/tsch-slot-operation.o
                0x0000cbb8                tsch_is_locked
 .any.text.tsch_get_lock
                0x0000cbbe       0x42 build/z1/obj/tsch-slot-operation.o
                0x0000cbbe                tsch_get_lock
 .any.text.tsch_release_lock
                0x0000cc00        0x6 build/z1/obj/tsch-slot-operation.o
                0x0000cc00                tsch_release_lock
 .any.text.tsch_slot_operation_start
                0x0000cc06       0x86 build/z1/obj/tsch-slot-operation.o
                0x0000cc06                tsch_slot_operation_start
 .any.text.tsch_slot_operation_sync
                0x0000cc8c       0x42 build/z1/obj/tsch-slot-operation.o
                0x0000cc8c                tsch_slot_operation_sync
 .any.text.turn_off
                0x0000ccce        0x8 build/z1/obj/tsch.o
 .any.text.tsch_reset
                0x0000ccd6       0xa2 build/z1/obj/tsch.o
 .any.text.process_thread_tsch_send_eb_process
                0x0000cd78      0x156 build/z1/obj/tsch.o
 .any.text.max_payload
                0x0000cece       0x3e build/z1/obj/tsch.o
 .any.text.turn_on
                0x0000cf0c       0x36 build/z1/obj/tsch.o
 .any.text.tsch_init
                0x0000cf42       0xb2 build/z1/obj/tsch.o
 .any.text.packet_input
                0x0000cff4       0x26 build/z1/obj/tsch.o
 .any.text.send_packet
                0x0000d01a       0xa6 build/z1/obj/tsch.o
 .any.text.keepalive_send
                0x0000d0c0       0x3a build/z1/obj/tsch.o
 .any.text.tsch_set_coordinator
                0x0000d0fa       0x28 build/z1/obj/tsch.o
                0x0000d0fa                tsch_set_coordinator
 .any.text.tsch_set_join_priority
                0x0000d122        0x6 build/z1/obj/tsch.o
                0x0000d122                tsch_set_join_priority
 .any.text.tsch_set_eb_period
                0x0000d128       0x1a build/z1/obj/tsch.o
                0x0000d128                tsch_set_eb_period
 .any.text.tsch_schedule_keepalive
                0x0000d142       0x20 build/z1/obj/tsch.o
                0x0000d142                tsch_schedule_keepalive
 .any.text.tsch_set_ka_timeout
                0x0000d162       0x10 build/z1/obj/tsch.o
                0x0000d162                tsch_set_ka_timeout
 .any.text.tsch_disassociate
                0x0000d172       0x18 build/z1/obj/tsch.o
                0x0000d172                tsch_disassociate
 .any.text.process_thread_tsch_pending_events_process
                0x0000d18a      0x2e8 build/z1/obj/tsch.o
 .any.text.keepalive_packet_sent
                0x0000d472       0x94 build/z1/obj/tsch.o
 .any.text.tsch_scan
                0x0000d506      0x372 build/z1/obj/tsch.o
                0x0000d506                tsch_scan
 .any.text.process_thread_tsch_process
                0x0000d878       0xb2 build/z1/obj/tsch.o
 .any.text.putchar
                0x0000d92a       0x10 build/z1/obj/uart-putchar.o
                0x0000d92a                putchar
 .any.text.uart0_active
                0x0000d93a        0xe build/z1/obj/uart0.o
                0x0000d93a                uart0_active
 .any.text.uart0_writeb
                0x0000d948       0x16 build/z1/obj/uart0.o
                0x0000d948                uart0_writeb
 .any.text.uart0_init
                0x0000d95e       0x4e build/z1/obj/uart0.o
                0x0000d95e                uart0_init
 .any.text.uip_ds6_nbr_rm
                0x0000d9ac       0x1e build/z1/obj/uip-ds6-nbr.o
                0x0000d9ac                uip_ds6_nbr_rm
 .any.text.uip_ds6_neighbors_init
                0x0000d9ca       0x12 build/z1/obj/uip-ds6-nbr.o
                0x0000d9ca                uip_ds6_neighbors_init
 .any.text.uip_ds6_nbr_add
                0x0000d9dc       0x36 build/z1/obj/uip-ds6-nbr.o
                0x0000d9dc                uip_ds6_nbr_add
 .any.text.uip_ds6_nbr_get_ll
                0x0000da12        0xc build/z1/obj/uip-ds6-nbr.o
                0x0000da12                uip_ds6_nbr_get_ll
 .any.text.uip_ds6_nbr_head
                0x0000da1e        0xa build/z1/obj/uip-ds6-nbr.o
                0x0000da1e                uip_ds6_nbr_head
 .any.text.uip_ds6_nbr_next
                0x0000da28        0xc build/z1/obj/uip-ds6-nbr.o
                0x0000da28                uip_ds6_nbr_next
 .any.text.uip_ds6_nbr_lookup
                0x0000da34       0x36 build/z1/obj/uip-ds6-nbr.o
                0x0000da34                uip_ds6_nbr_lookup
 .any.text.uip_ds6_nbr_ll_lookup
                0x0000da6a        0xc build/z1/obj/uip-ds6-nbr.o
                0x0000da6a                uip_ds6_nbr_ll_lookup
 .any.text.uip_ds6_nbr_update_ll
                0x0000da76       0x6e build/z1/obj/uip-ds6-nbr.o
                0x0000da76                uip_ds6_nbr_update_ll
 .any.text.uip_ds6_nbr_ipaddr_from_lladdr
                0x0000dae4        0x6 build/z1/obj/uip-ds6-nbr.o
                0x0000dae4                uip_ds6_nbr_ipaddr_from_lladdr
 .any.text.uip_ds6_nbr_lladdr_from_ipaddr
                0x0000daea       0x12 build/z1/obj/uip-ds6-nbr.o
                0x0000daea                uip_ds6_nbr_lladdr_from_ipaddr
 .any.text.uip_ds6_link_callback
                0x0000dafc        0x2 build/z1/obj/uip-ds6-nbr.o
                0x0000dafc                uip_ds6_link_callback
 .any.text.uip_ds6_route_init
                0x0000dafe        0xe build/z1/obj/uip-ds6-route.o
                0x0000dafe                uip_ds6_route_init
 .any.text.uip_ds6_route_nexthop
                0x0000db0c        0x4 build/z1/obj/uip-ds6-route.o
                0x0000db0c                uip_ds6_route_nexthop
 .any.text.uip_ds6_route_lookup
                0x0000db10        0x4 build/z1/obj/uip-ds6-route.o
                0x0000db10                uip_ds6_route_lookup
 .any.text.uip_ds6_route_rm
                0x0000db14        0x2 build/z1/obj/uip-ds6-route.o
                0x0000db14                uip_ds6_route_rm
 .any.text.uip_ds6_defrt_rm
                0x0000db16       0x2c build/z1/obj/uip-ds6-route.o
                0x0000db16                uip_ds6_defrt_rm
 .any.text.uip_ds6_defrt_lookup
                0x0000db42       0x30 build/z1/obj/uip-ds6-route.o
                0x0000db42                uip_ds6_defrt_lookup
 .any.text.uip_ds6_defrt_add
                0x0000db72       0x6c build/z1/obj/uip-ds6-route.o
                0x0000db72                uip_ds6_defrt_add
 .any.text.uip_ds6_defrt_choose
                0x0000dbde       0x2a build/z1/obj/uip-ds6-route.o
                0x0000dbde                uip_ds6_defrt_choose
 .any.text.uip_ds6_defrt_periodic
                0x0000dc08       0x2e build/z1/obj/uip-ds6-route.o
                0x0000dc08                uip_ds6_defrt_periodic
 .any.text.uip_ds6_default_prefix
                0x0000dc36        0x6 build/z1/obj/uip-ds6.o
                0x0000dc36                uip_ds6_default_prefix
 .any.text.uip_ds6_list_loop
                0x0000dc3c       0x70 build/z1/obj/uip-ds6.o
                0x0000dc3c                uip_ds6_list_loop
 .any.text.uip_ds6_prefix_add
                0x0000dcac       0x6a build/z1/obj/uip-ds6.o
                0x0000dcac                uip_ds6_prefix_add
 .any.text.uip_ds6_is_addr_onlink
                0x0000dd16       0x40 build/z1/obj/uip-ds6.o
                0x0000dd16                uip_ds6_is_addr_onlink
 .any.text.uip_ds6_addr_lookup
                0x0000dd56       0x2a build/z1/obj/uip-ds6.o
                0x0000dd56                uip_ds6_addr_lookup
 .any.text.uip_ds6_get_link_local
                0x0000dd80       0x3e build/z1/obj/uip-ds6.o
                0x0000dd80                uip_ds6_get_link_local
 .any.text.uip_ds6_maddr_add
                0x0000ddbe       0x42 build/z1/obj/uip-ds6.o
                0x0000ddbe                uip_ds6_maddr_add
 .any.text.uip_ds6_addr_add
                0x0000de00       0xb6 build/z1/obj/uip-ds6.o
                0x0000de00                uip_ds6_addr_add
 .any.text.uip_ds6_maddr_rm
                0x0000deb6        0xa build/z1/obj/uip-ds6.o
                0x0000deb6                uip_ds6_maddr_rm
 .any.text.uip_ds6_maddr_lookup
                0x0000dec0       0x2a build/z1/obj/uip-ds6.o
                0x0000dec0                uip_ds6_maddr_lookup
 .any.text.uip_ds6_addr_rm
                0x0000deea       0x54 build/z1/obj/uip-ds6.o
                0x0000deea                uip_ds6_addr_rm
 .any.text.uip_ds6_periodic